---
source: crates/loxia-tui/src/modals/help.rs
assertion_line: 546
expression: "render_at(85, 30, &state, InputContext::Normal, 0)"
---
Buffer {
    area: Rect { x: 0, y: 0, width: 85, height: 30 },
    content: [
        "                                                                                     ",
        "  ┌LOXIA KEYBOARD CHEAT SHEET [Context: Now Playing]──────────────────────────────┐  ",
        "  │NAVIGATION                                                                     │  ",
        "  │──────────                                                                     │  ",
        "  │j          Column Down                                                         │  ",
        "  │k          Column Up                                                           │  ",
        "  │h          Column Left                                                         │  ",
        "  │l          Column Right                                                        │  ",
        "  │ctrl+u     Half Page Up                                                        │  ",
        "  │ctrl+d     Half Page Down                                                      │  ",
        "  │g g        Go To Top                                                           │  ",
        "  │G          Go To Bottom                                                        │  ",
        "  │backspace  Back                                                                │  ",
        "  │tab        Next Tab                                                            │  ",
        "  │shift+tab  Prev Tab                                                            │  ",
        "  │alt+1      Jump Tab 1                                                          │  ",
        "  │alt+2      Jump Tab 2                                                          │  ",
        "  │alt+3      Jump Tab 3                                                          │  ",
        "  │alt+4      Jump Tab 4                                                          │  ",
        "  │alt+5      Jump Tab 5                                                          │  ",
        "  │alt+6      Jump Tab 6                                                          │  ",
        "  │alt+7      Jump Tab 7                                                          │  ",
        "  │alt+8      Jump Tab 8                                                          │  ",
        "  │alt+9      Jump Tab 9                                                          │  ",
        "  │alt+0      Jump Tab 10                                                         │  ",
        "  │/          Filter                                                              │  ",
        "  │g a        Go To Artist                                                        │  ",
        "  │                          [ Press ? or Esc to close ]                          │  ",
        "  └───────────────────────────────────────────────────────────────────────────────┘  ",
        "                                                                                     ",
    ],
    styles: [
        x: 0, y: 0, fg: Reset, bg: Reset, underline: Reset, modifier: NONE,
        x: 2, y: 1, fg: Indexed(8), bg: Reset, underline: Reset, modifier: NONE,
        x: 83, y: 1, fg: Reset, bg: Reset, underline: Reset, modifier: NONE,
        x: 2, y: 2, fg: Indexed(8), bg: Reset, underline: Reset, modifier: NONE,
        x: 3, y: 2, fg: Indexed(12), bg: Reset, underline: Reset, modifier: BOLD,
        x: 13, y: 2, fg: Reset, bg: Reset, underline: Reset, modifier: NONE,
        x: 82, y: 2, fg: Indexed(8), bg: Reset, underline: Reset, modifier: NONE,
        x: 83, y: 2, fg: Reset, bg: Reset, underline: Reset, modifier: NONE,
        x: 2, y: 3, fg: Indexed(8), bg: Reset, underline: Reset, modifier: NONE,
        x: 13, y: 3, fg: Reset, bg: Reset, underline: Reset, modifier: NONE,
        x: 82, y: 3, fg: Indexed(8), bg: Reset, underline: Reset, modifier: NONE,
        x: 83, y: 3, fg: Reset, bg: Reset, underline: Reset, modifier: NONE,
        x: 2, y: 4, fg: Indexed(8), bg: Reset, underline: Reset, modifier: NONE,
        x: 3, y: 4, fg: Reset, bg: Reset, underline: Reset, modifier: NONE,
        x: 82, y: 4, fg: Indexed(8), bg: Reset, underline: Reset, modifier: NONE,
        x: 83, y: 4, fg: Reset, bg: Reset, underline: Reset, modifier: NONE,
        x: 2, y: 5, fg: Indexed(8), bg: Reset, underline: Reset, modifier: NONE,
        x: 3, y: 5, fg: Reset, bg: Reset, underline: Reset, modifier: NONE,
        x: 82, y: 5, fg: Indexed(8), bg: Reset, underline: Reset, modifier: NONE,
        x: 83, y: 5, fg: Reset, bg: Reset, underline: Reset, modifier: NONE,
        x: 2, y: 6, fg: Indexed(8), bg: Reset, underline: Reset, modifier: NONE,
        x: 3, y: 6, fg: Reset, bg: Reset, underline: Reset, modifier: NONE,
        x: 82, y: 6, fg: Indexed(8), bg: Reset, underline: Reset, modifier: NONE,
        x: 83, y: 6, fg: Reset, bg: Reset, underline: Reset, modifier: NONE,
        x: 2, y: 7, fg: Indexed(8), bg: Reset, underline: Reset, modifier: NONE,
        x: 3, y: 7, fg: Reset, bg: Reset, underline: Reset, modifier: NONE,
        x: 82, y: 7, fg: Indexed(8), bg: Reset, underline: Reset, modifier: NONE,
        x: 83, y: 7, fg: Reset, bg: Reset, underline: Reset, modifier: NONE,
        x: 2, y: 8, fg: Indexed(8), bg: Reset, underline: Reset, modifier: NONE,
        x: 3, y: 8, fg: Reset, bg: Reset, underline: Reset, modifier: NONE,
        x: 82, y: 8, fg: Indexed(8), bg: Reset, underline: Reset, modifier: NONE,
        x: 83, y: 8, fg: Reset, bg: Reset, underline: Reset, modifier: NONE,
        x: 2, y: 9, fg: Indexed(8), bg: Reset, underline: Reset, modifier: NONE,
        x: 3, y: 9, fg: Reset, bg: Reset, underline: Reset, modifier: NONE,
        x: 82, y: 9, fg: Indexed(8), bg: Reset, underline: Reset, modifier: NONE,
        x: 83, y: 9, fg: Reset, bg: Reset, underline: Reset, modifier: NONE,
        x: 2, y: 10, fg: Indexed(8), bg: Reset, underline: Reset, modifier: NONE,
        x: 3, y: 10, fg: Reset, bg: Reset, underline: Reset, modifier: NONE,
        x: 82, y: 10, fg: Indexed(8), bg: Reset, underline: Reset, modifier: NONE,
        x: 83, y: 10, fg: Reset, bg: Reset, underline: Reset, modifier: NONE,
        x: 2, y: 11, fg: Indexed(8), bg: Reset, underline: Reset, modifier: NONE,
        x: 3, y: 11, fg: Reset, bg: Reset, underline: Reset, modifier: NONE,
        x: 82, y: 11, fg: Indexed(8), bg: Reset, underline: Reset, modifier: NONE,
        x: 83, y: 11, fg: Reset, bg: Reset, underline: Reset, modifier: NONE,
        x: 2, y: 12, fg: Indexed(8), bg: Reset, underline: Reset, modifier: NONE,
        x: 3, y: 12, fg: Reset, bg: Reset, underline: Reset, modifier: NONE,
        x: 82, y: 12, fg: Indexed(8), bg: Reset, underline: Reset, modifier: NONE,
        x: 83, y: 12, fg: Reset, bg: Reset, underline: Reset, modifier: NONE,
        x: 2, y: 13, fg: Indexed(8), bg: Reset, underline: Reset, modifier: NONE,
        x: 3, y: 13, fg: Reset, bg: Reset, underline: Reset, modifier: NONE,
        x: 82, y: 13, fg: Indexed(8), bg: Reset, underline: Reset, modifier: NONE,
        x: 83, y: 13, fg: Reset, bg: Reset, underline: Reset, modifier: NONE,
        x: 2, y: 14, fg: Indexed(8), bg: Reset, underline: Reset, modifier: NONE,
        x: 3, y: 14, fg: Reset, bg: Reset, underline: Reset, modifier: NONE,
        x: 82, y: 14, fg: Indexed(8), bg: Reset, underline: Reset, modifier: NONE,
        x: 83, y: 14, fg: Reset, bg: Reset, underline: Reset, modifier: NONE,
        x: 2, y: 15, fg: Indexed(8), bg: Reset, underline: Reset, modifier: NONE,
        x: 3, y: 15, fg: Reset, bg: Reset, underline: Reset, modifier: NONE,
        x: 82, y: 15, fg: Indexed(8), bg: Reset, underline: Reset, modifier: NONE,
        x: 83, y: 15, fg: Reset, bg: Reset, underline: Reset, modifier: NONE,
        x: 2, y: 16, fg: Indexed(8), bg: Reset, underline: Reset, modifier: NONE,
        x: 3, y: 16, fg: Reset, bg: Reset, underline: Reset, modifier: NONE,
        x: 82, y: 16, fg: Indexed(8), bg: Reset, underline: Reset, modifier: NONE,
        x: 83, y: 16, fg: Reset, bg: Reset, underline: Reset, modifier: NONE,
        x: 2, y: 17, fg: Indexed(8), bg: Reset, underline: Reset, modifier: NONE,
        x: 3, y: 17, fg: Reset, bg: Reset, underline: Reset, modifier: NONE,
        x: 82, y: 17, fg: Indexed(8), bg: Reset, underline: Reset, modifier: NONE,
        x: 83, y: 17, fg: Reset, bg: Reset, underline: Reset, modifier: NONE,
        x: 2, y: 18, fg: Indexed(8), bg: Reset, underline: Reset, modifier: NONE,
        x: 3, y: 18, fg: Reset, bg: Reset, underline: Reset, modifier: NONE,
        x: 82, y: 18, fg: Indexed(8), bg: Reset, underline: Reset, modifier: NONE,
        x: 83, y: 18, fg: Reset, bg: Reset, underline: Reset, modifier: NONE,
        x: 2, y: 19, fg: Indexed(8), bg: Reset, underline: Reset, modifier: NONE,
        x: 3, y: 19, fg: Reset, bg: Reset, underline: Reset, modifier: NONE,
        x: 82, y: 19, fg: Indexed(8), bg: Reset, underline: Reset, modifier: NONE,
        x: 83, y: 19, fg: Reset, bg: Reset, underline: Reset, modifier: NONE,
        x: 2, y: 20, fg: Indexed(8), bg: Reset, underline: Reset, modifier: NONE,
        x: 3, y: 20, fg: Reset, bg: Reset, underline: Reset, modifier: NONE,
        x: 82, y: 20, fg: Indexed(8), bg: Reset, underline: Reset, modifier: NONE,
        x: 83, y: 20, fg: Reset, bg: Reset, underline: Reset, modifier: NONE,
        x: 2, y: 21, fg: Indexed(8), bg: Reset, underline: Reset, modifier: NONE,
        x: 3, y: 21, fg: Reset, bg: Reset, underline: Reset, modifier: NONE,
        x: 82, y: 21, fg: Indexed(8), bg: Reset, underline: Reset, modifier: NONE,
        x: 83, y: 21, fg: Reset, bg: Reset, underline: Reset, modifier: NONE,
        x: 2, y: 22, fg: Indexed(8), bg: Reset, underline: Reset, modifier: NONE,
        x: 3, y: 22, fg: Reset, bg: Reset, underline: Reset, modifier: NONE,
        x: 82, y: 22, fg: Indexed(8), bg: Reset, underline: Reset, modifier: NONE,
        x: 83, y: 22, fg: Reset, bg: Reset, underline: Reset, modifier: NONE,
        x: 2, y: 23, fg: Indexed(8), bg: Reset, underline: Reset, modifier: NONE,
        x: 3, y: 23, fg: Reset, bg: Reset, underline: Reset, modifier: NONE,
        x: 82, y: 23, fg: Indexed(8), bg: Reset, underline: Reset, modifier: NONE,
        x: 83, y: 23, fg: Reset, bg: Reset, underline: Reset, modifier: NONE,
        x: 2, y: 24, fg: Indexed(8), bg: Reset, underline: Reset, modifier: NONE,
        x: 3, y: 24, fg: Reset, bg: Reset, underline: Reset, modifier: NONE,
        x: 82, y: 24, fg: Indexed(8), bg: Reset, underline: Reset, modifier: NONE,
        x: 83, y: 24, fg: Reset, bg: Reset, underline: Reset, modifier: NONE,
        x: 2, y: 25, fg: Indexed(8), bg: Reset, underline: Reset, modifier: NONE,
        x: 3, y: 25, fg: Reset, bg: Reset, underline: Reset, modifier: NONE,
        x: 82, y: 25, fg: Indexed(8), bg: Reset, underline: Reset, modifier: NONE,
        x: 83, y: 25, fg: Reset, bg: Reset, underline: Reset, modifier: NONE,
        x: 2, y: 26, fg: Indexed(8), bg: Reset, underline: Reset, modifier: NONE,
        x: 3, y: 26, fg: Reset, bg: Reset, underline: Reset, modifier: NONE,
        x: 82, y: 26, fg: Indexed(8), bg: Reset, underline: Reset, modifier: NONE,
        x: 83, y: 26, fg: Reset, bg: Reset, underline: Reset, modifier: NONE,
        x: 2, y: 27, fg: Indexed(8), bg: Reset, underline: Reset, modifier: NONE,
        x: 3, y: 27, fg: Reset, bg: Reset, underline: Reset, modifier: NONE,
        x: 29, y: 27, fg: Indexed(8), bg: Reset, underline: Reset, modifier: NONE,
        x: 56, y: 27, fg: Reset, bg: Reset, underline: Reset, modifier: NONE,
        x: 82, y: 27, fg: Indexed(8), bg: Reset, underline: Reset, modifier: NONE,
        x: 83, y: 27, fg: Reset, bg: Reset, underline: Reset, modifier: NONE,
        x: 2, y: 28, fg: Indexed(8), bg: Reset, underline: Reset, modifier: NONE,
        x: 83, y: 28, fg: Reset, bg: Reset, underline: Reset, modifier: NONE,
    ]
}
