---
source: crates/loxia-tui/src/modals/sleep_timer.rs
assertion_line: 453
expression: rendered
---
Buffer {
    area: Rect { x: 0, y: 0, width: 90, height: 20 },
    content: [
        "                                                                                          ",
        "                                                                                          ",
        "                                                                                          ",
        "      ┌SLEEP & SHUTDOWN TIMER──────────────────────────────────────────────────────┐      ",
        "      │Stop playback after:                                                        │      ",
        "      │▶ (•) 15 Minutes     ( ) 30 Minutes     ( ) 60 Minutes                      │      ",
        "      │  ( ) End of Current Track                                                  │      ",
        "      │  ( ) End of Active Queue (0 tracks remaining)                              │      ",
        "      │                                                                            │      ",
        "      │Options:                                                                    │      ",
        "      │  [X] Fade out audio smoothly over the last 10 seconds                      │      ",
        "      │  [ ] Close loxia when finished                                             │      ",
        "      │                                                                            │      ",
        "      │[ Enter ] Start    [ d ] Disarm    [ Esc ] Cancel                           │      ",
        "      │                                                                            │      ",
        "      └────────────────────────────────────────────────────────────────────────────┘      ",
        "                                                                                          ",
        "                                                                                          ",
        "                                                                                          ",
        "                                                                                          ",
    ],
    styles: [
        x: 0, y: 0, fg: Reset, bg: Reset, underline: Reset, modifier: NONE,
        x: 6, y: 3, fg: Indexed(12), bg: Reset, underline: Reset, modifier: NONE,
        x: 84, y: 3, fg: Reset, bg: Reset, underline: Reset, modifier: NONE,
        x: 6, y: 4, fg: Indexed(12), bg: Reset, underline: Reset, modifier: NONE,
        x: 7, y: 4, fg: Indexed(8), bg: Reset, underline: Reset, modifier: NONE,
        x: 27, y: 4, fg: Reset, bg: Reset, underline: Reset, modifier: NONE,
        x: 83, y: 4, fg: Indexed(12), bg: Reset, underline: Reset, modifier: NONE,
        x: 84, y: 4, fg: Reset, bg: Reset, underline: Reset, modifier: NONE,
        x: 6, y: 5, fg: Indexed(12), bg: Reset, underline: Reset, modifier: NONE,
        x: 26, y: 5, fg: Reset, bg: Reset, underline: Reset, modifier: NONE,
        x: 83, y: 5, fg: Indexed(12), bg: Reset, underline: Reset, modifier: NONE,
        x: 84, y: 5, fg: Reset, bg: Reset, underline: Reset, modifier: NONE,
        x: 6, y: 6, fg: Indexed(12), bg: Reset, underline: Reset, modifier: NONE,
        x: 7, y: 6, fg: Indexed(8), bg: Reset, underline: Reset, modifier: NONE,
        x: 33, y: 6, fg: Reset, bg: Reset, underline: Reset, modifier: NONE,
        x: 83, y: 6, fg: Indexed(12), bg: Reset, underline: Reset, modifier: NONE,
        x: 84, y: 6, fg: Reset, bg: Reset, underline: Reset, modifier: NONE,
        x: 6, y: 7, fg: Indexed(12), bg: Reset, underline: Reset, modifier: NONE,
        x: 7, y: 7, fg: Indexed(8), bg: Reset, underline: Reset, modifier: NONE,
        x: 53, y: 7, fg: Reset, bg: Reset, underline: Reset, modifier: NONE,
        x: 83, y: 7, fg: Indexed(12), bg: Reset, underline: Reset, modifier: NONE,
        x: 84, y: 7, fg: Reset, bg: Reset, underline: Reset, modifier: NONE,
        x: 6, y: 8, fg: Indexed(12), bg: Reset, underline: Reset, modifier: NONE,
        x: 7, y: 8, fg: Reset, bg: Reset, underline: Reset, modifier: NONE,
        x: 83, y: 8, fg: Indexed(12), bg: Reset, underline: Reset, modifier: NONE,
        x: 84, y: 8, fg: Reset, bg: Reset, underline: Reset, modifier: NONE,
        x: 6, y: 9, fg: Indexed(12), bg: Reset, underline: Reset, modifier: NONE,
        x: 7, y: 9, fg: Indexed(8), bg: Reset, underline: Reset, modifier: NONE,
        x: 15, y: 9, fg: Reset, bg: Reset, underline: Reset, modifier: NONE,
        x: 83, y: 9, fg: Indexed(12), bg: Reset, underline: Reset, modifier: NONE,
        x: 84, y: 9, fg: Reset, bg: Reset, underline: Reset, modifier: NONE,
        x: 6, y: 10, fg: Indexed(12), bg: Reset, underline: Reset, modifier: NONE,
        x: 7, y: 10, fg: Reset, bg: Reset, underline: Reset, modifier: NONE,
        x: 83, y: 10, fg: Indexed(12), bg: Reset, underline: Reset, modifier: NONE,
        x: 84, y: 10, fg: Reset, bg: Reset, underline: Reset, modifier: NONE,
        x: 6, y: 11, fg: Indexed(12), bg: Reset, underline: Reset, modifier: NONE,
        x: 7, y: 11, fg: Reset, bg: Reset, underline: Reset, modifier: NONE,
        x: 83, y: 11, fg: Indexed(12), bg: Reset, underline: Reset, modifier: NONE,
        x: 84, y: 11, fg: Reset, bg: Reset, underline: Reset, modifier: NONE,
        x: 6, y: 12, fg: Indexed(12), bg: Reset, underline: Reset, modifier: NONE,
        x: 7, y: 12, fg: Reset, bg: Reset, underline: Reset, modifier: NONE,
        x: 83, y: 12, fg: Indexed(12), bg: Reset, underline: Reset, modifier: NONE,
        x: 84, y: 12, fg: Reset, bg: Reset, underline: Reset, modifier: NONE,
        x: 6, y: 13, fg: Indexed(12), bg: Reset, underline: Reset, modifier: NONE,
        x: 7, y: 13, fg: Indexed(8), bg: Reset, underline: Reset, modifier: NONE,
        x: 56, y: 13, fg: Reset, bg: Reset, underline: Reset, modifier: NONE,
        x: 83, y: 13, fg: Indexed(12), bg: Reset, underline: Reset, modifier: NONE,
        x: 84, y: 13, fg: Reset, bg: Reset, underline: Reset, modifier: NONE,
        x: 6, y: 14, fg: Indexed(12), bg: Reset, underline: Reset, modifier: NONE,
        x: 7, y: 14, fg: Reset, bg: Reset, underline: Reset, modifier: NONE,
        x: 83, y: 14, fg: Indexed(12), bg: Reset, underline: Reset, modifier: NONE,
        x: 84, y: 14, fg: Reset, bg: Reset, underline: Reset, modifier: NONE,
        x: 6, y: 15, fg: Indexed(12), bg: Reset, underline: Reset, modifier: NONE,
        x: 84, y: 15, fg: Reset, bg: Reset, underline: Reset, modifier: NONE,
    ]
}
