---
source: crates/loxia-tui/src/modals/help.rs
assertion_line: 566
expression: "render_at(150, 40, &state, InputContext::Modal(ModalKind::Equalizer), 0)"
---
Buffer {
    area: Rect { x: 0, y: 0, width: 150, height: 40 },
    content: [
        "                                                                                                                                                      ",
        "     ┌LOXIA KEYBOARD CHEAT SHEET [Context: Equalizer]───────────────────────────────────────────────────────────────────────────────────────────┐     ",
        "     │NAVIGATION                                    PLAYBACK                                      QUEUE                                         │     ",
        "     │──────────                                    ────────                                      ─────                                         │     ",
        "     │j          Column Down                        space      Play / Pause                       enter      Play (Replace Queue)               │     ",
        "     │k          Column Up                          n          Next Track                         A          Add to Queue                       │     ",
        "     │h          Column Left                        p          Prev Track                         i          Insert Next                        │     ",
        "     │l          Column Right                       S          Stop                               m          Instant Mix                        │     ",
        "     │ctrl+u     Half Page Up                       [          Seek −5s                           s          Shuffle                            │     ",
        "     │ctrl+d     Half Page Down                     ]          Seek +5s                           R          Repeat Mode                        │     ",
        "     │g g        Go To Top                          {          Seek −30s                          o          Sort Menu                          │     ",
        "     │G          Go To Bottom                       }          Seek +30s                          x          Remove Entry                       │     ",
        "     │backspace  Back                               +          Volume Up                                                                        │     ",
        "     │tab        Next Tab                           -          Volume Down                        SELECTION                                     │     ",
        "     │shift+tab  Prev Tab                           M          Mute                               ─────────                                     │     ",
        "     │alt+1      Jump Tab 1                                                                       v          Visual Select                      │     ",
        "     │alt+2      Jump Tab 2                         AUDIO                                         .          Toggle Item                        │     ",
        "     │alt+3      Jump Tab 3                         ─────                                         V          Select All                         │     ",
        "     │alt+4      Jump Tab 4                         e          Equalizer                                                                        │     ",
        "     │alt+5      Jump Tab 5                         r          ReplayGain Mode                    ITEMS                                         │     ",
        "     │alt+6      Jump Tab 6                         q          Quality Profile                    ─────                                         │     ",
        "     │alt+7      Jump Tab 7                         O          Output Device                      f          Favourite                          │     ",
        "     │alt+8      Jump Tab 8                         T          Sleep Timer                        d          Download                           │     ",
        "     │alt+9      Jump Tab 9                                                                       P          Save Queue As Playlist             │     ",
        "     │alt+0      Jump Tab 10                        VIEWS                                         ctrl+p     Add To Playlist                    │     ",
        "     │/          Filter                             ─────                                         X          Delete Playlist                    │     ",
        "     │g a        Go To Artist                       z          Zen Mode                           ctrl+up    Move Track Up                      │     ",
        "     │g l        Go To Album                        H          History                            ctrl+down  Move Track Down                    │     ",
        "     │esc        Cancel                             L          Lyrics                                                                           │     ",
        "     │                                              K          Lyrics Up                          SYSTEM                                        │     ",
        "     │                                              J          Lyrics Down                        ──────                                        │     ",
        "     │                                              ?          Help                               ctrl+q     Quit                               │     ",
        "     │                                                                                            ctrl+r     Refresh                            │     ",
        "     │                                                                                                                                          │     ",
        "     │                                                                                                                                          │     ",
        "     │                                                                                                                                          │     ",
        "     │                                                                                                                                          │     ",
        "     │                                                        [ Press ? or Esc to close ]                                                       │     ",
        "     └──────────────────────────────────────────────────────────────────────────────────────────────────────────────────────────────────────────┘     ",
        "                                                                                                                                                      ",
    ],
    styles: [
        x: 0, y: 0, fg: Reset, bg: Reset, underline: Reset, modifier: NONE,
        x: 5, y: 1, fg: Indexed(8), bg: Reset, underline: Reset, modifier: NONE,
        x: 145, y: 1, fg: Reset, bg: Reset, underline: Reset, modifier: NONE,
        x: 5, y: 2, fg: Indexed(8), bg: Reset, underline: Reset, modifier: NONE,
        x: 6, y: 2, fg: Indexed(12), bg: Reset, underline: Reset, modifier: BOLD,
        x: 16, y: 2, fg: Reset, bg: Reset, underline: Reset, modifier: NONE,
        x: 52, y: 2, fg: Indexed(12), bg: Reset, underline: Reset, modifier: BOLD,
        x: 60, y: 2, fg: Reset, bg: Reset, underline: Reset, modifier: NONE,
        x: 98, y: 2, fg: Indexed(12), bg: Reset, underline: Reset, modifier: BOLD,
        x: 103, y: 2, fg: Reset, bg: Reset, underline: Reset, modifier: NONE,
        x: 144, y: 2, fg: Indexed(8), bg: Reset, underline: Reset, modifier: NONE,
        x: 145, y: 2, fg: Reset, bg: Reset, underline: Reset, modifier: NONE,
        x: 5, y: 3, fg: Indexed(8), bg: Reset, underline: Reset, modifier: NONE,
        x: 16, y: 3, fg: Reset, bg: Reset, underline: Reset, modifier: NONE,
        x: 52, y: 3, fg: Indexed(8), bg: Reset, underline: Reset, modifier: NONE,
        x: 60, y: 3, fg: Reset, bg: Reset, underline: Reset, modifier: NONE,
        x: 98, y: 3, fg: Indexed(8), bg: Reset, underline: Reset, modifier: NONE,
        x: 103, y: 3, fg: Reset, bg: Reset, underline: Reset, modifier: NONE,
        x: 144, y: 3, fg: Indexed(8), bg: Reset, underline: Reset, modifier: NONE,
        x: 145, y: 3, fg: Reset, bg: Reset, underline: Reset, modifier: NONE,
        x: 5, y: 4, fg: Indexed(8), bg: Reset, underline: Reset, modifier: NONE,
        x: 6, y: 4, fg: Reset, bg: Reset, underline: Reset, modifier: NONE,
        x: 144, y: 4, fg: Indexed(8), bg: Reset, underline: Reset, modifier: NONE,
        x: 145, y: 4, fg: Reset, bg: Reset, underline: Reset, modifier: NONE,
        x: 5, y: 5, fg: Indexed(8), bg: Reset, underline: Reset, modifier: NONE,
        x: 6, y: 5, fg: Reset, bg: Reset, underline: Reset, modifier: NONE,
        x: 144, y: 5, fg: Indexed(8), bg: Reset, underline: Reset, modifier: NONE,
        x: 145, y: 5, fg: Reset, bg: Reset, underline: Reset, modifier: NONE,
        x: 5, y: 6, fg: Indexed(8), bg: Reset, underline: Reset, modifier: NONE,
        x: 6, y: 6, fg: Reset, bg: Reset, underline: Reset, modifier: NONE,
        x: 144, y: 6, fg: Indexed(8), bg: Reset, underline: Reset, modifier: NONE,
        x: 145, y: 6, fg: Reset, bg: Reset, underline: Reset, modifier: NONE,
        x: 5, y: 7, fg: Indexed(8), bg: Reset, underline: Reset, modifier: NONE,
        x: 6, y: 7, fg: Reset, bg: Reset, underline: Reset, modifier: NONE,
        x: 144, y: 7, fg: Indexed(8), bg: Reset, underline: Reset, modifier: NONE,
        x: 145, y: 7, fg: Reset, bg: Reset, underline: Reset, modifier: NONE,
        x: 5, y: 8, fg: Indexed(8), bg: Reset, underline: Reset, modifier: NONE,
        x: 6, y: 8, fg: Reset, bg: Reset, underline: Reset, modifier: NONE,
        x: 144, y: 8, fg: Indexed(8), bg: Reset, underline: Reset, modifier: NONE,
        x: 145, y: 8, fg: Reset, bg: Reset, underline: Reset, modifier: NONE,
        x: 5, y: 9, fg: Indexed(8), bg: Reset, underline: Reset, modifier: NONE,
        x: 6, y: 9, fg: Reset, bg: Reset, underline: Reset, modifier: NONE,
        x: 144, y: 9, fg: Indexed(8), bg: Reset, underline: Reset, modifier: NONE,
        x: 145, y: 9, fg: Reset, bg: Reset, underline: Reset, modifier: NONE,
        x: 5, y: 10, fg: Indexed(8), bg: Reset, underline: Reset, modifier: NONE,
        x: 6, y: 10, fg: Reset, bg: Reset, underline: Reset, modifier: NONE,
        x: 144, y: 10, fg: Indexed(8), bg: Reset, underline: Reset, modifier: NONE,
        x: 145, y: 10, fg: Reset, bg: Reset, underline: Reset, modifier: NONE,
        x: 5, y: 11, fg: Indexed(8), bg: Reset, underline: Reset, modifier: NONE,
        x: 6, y: 11, fg: Reset, bg: Reset, underline: Reset, modifier: NONE,
        x: 144, y: 11, fg: Indexed(8), bg: Reset, underline: Reset, modifier: NONE,
        x: 145, y: 11, fg: Reset, bg: Reset, underline: Reset, modifier: NONE,
        x: 5, y: 12, fg: Indexed(8), bg: Reset, underline: Reset, modifier: NONE,
        x: 6, y: 12, fg: Reset, bg: Reset, underline: Reset, modifier: NONE,
        x: 144, y: 12, fg: Indexed(8), bg: Reset, underline: Reset, modifier: NONE,
        x: 145, y: 12, fg: Reset, bg: Reset, underline: Reset, modifier: NONE,
        x: 5, y: 13, fg: Indexed(8), bg: Reset, underline: Reset, modifier: NONE,
        x: 6, y: 13, fg: Reset, bg: Reset, underline: Reset, modifier: NONE,
        x: 98, y: 13, fg: Indexed(12), bg: Reset, underline: Reset, modifier: BOLD,
        x: 107, y: 13, fg: Reset, bg: Reset, underline: Reset, modifier: NONE,
        x: 144, y: 13, fg: Indexed(8), bg: Reset, underline: Reset, modifier: NONE,
        x: 145, y: 13, fg: Reset, bg: Reset, underline: Reset, modifier: NONE,
        x: 5, y: 14, fg: Indexed(8), bg: Reset, underline: Reset, modifier: NONE,
        x: 6, y: 14, fg: Reset, bg: Reset, underline: Reset, modifier: NONE,
        x: 98, y: 14, fg: Indexed(8), bg: Reset, underline: Reset, modifier: NONE,
        x: 107, y: 14, fg: Reset, bg: Reset, underline: Reset, modifier: NONE,
        x: 144, y: 14, fg: Indexed(8), bg: Reset, underline: Reset, modifier: NONE,
        x: 145, y: 14, fg: Reset, bg: Reset, underline: Reset, modifier: NONE,
        x: 5, y: 15, fg: Indexed(8), bg: Reset, underline: Reset, modifier: NONE,
        x: 6, y: 15, fg: Reset, bg: Reset, underline: Reset, modifier: NONE,
        x: 144, y: 15, fg: Indexed(8), bg: Reset, underline: Reset, modifier: NONE,
        x: 145, y: 15, fg: Reset, bg: Reset, underline: Reset, modifier: NONE,
        x: 5, y: 16, fg: Indexed(8), bg: Reset, underline: Reset, modifier: NONE,
        x: 6, y: 16, fg: Reset, bg: Reset, underline: Reset, modifier: NONE,
        x: 52, y: 16, fg: Indexed(12), bg: Reset, underline: Reset, modifier: BOLD,
        x: 57, y: 16, fg: Reset, bg: Reset, underline: Reset, modifier: NONE,
        x: 144, y: 16, fg: Indexed(8), bg: Reset, underline: Reset, modifier: NONE,
        x: 145, y: 16, fg: Reset, bg: Reset, underline: Reset, modifier: NONE,
        x: 5, y: 17, fg: Indexed(8), bg: Reset, underline: Reset, modifier: NONE,
        x: 6, y: 17, fg: Reset, bg: Reset, underline: Reset, modifier: NONE,
        x: 52, y: 17, fg: Indexed(8), bg: Reset, underline: Reset, modifier: NONE,
        x: 57, y: 17, fg: Reset, bg: Reset, underline: Reset, modifier: NONE,
        x: 144, y: 17, fg: Indexed(8), bg: Reset, underline: Reset, modifier: NONE,
        x: 145, y: 17, fg: Reset, bg: Reset, underline: Reset, modifier: NONE,
        x: 5, y: 18, fg: Indexed(8), bg: Reset, underline: Reset, modifier: NONE,
        x: 6, y: 18, fg: Reset, bg: Reset, underline: Reset, modifier: NONE,
        x: 144, y: 18, fg: Indexed(8), bg: Reset, underline: Reset, modifier: NONE,
        x: 145, y: 18, fg: Reset, bg: Reset, underline: Reset, modifier: NONE,
        x: 5, y: 19, fg: Indexed(8), bg: Reset, underline: Reset, modifier: NONE,
        x: 6, y: 19, fg: Reset, bg: Reset, underline: Reset, modifier: NONE,
        x: 98, y: 19, fg: Indexed(12), bg: Reset, underline: Reset, modifier: BOLD,
        x: 103, y: 19, fg: Reset, bg: Reset, underline: Reset, modifier: NONE,
        x: 144, y: 19, fg: Indexed(8), bg: Reset, underline: Reset, modifier: NONE,
        x: 145, y: 19, fg: Reset, bg: Reset, underline: Reset, modifier: NONE,
        x: 5, y: 20, fg: Indexed(8), bg: Reset, underline: Reset, modifier: NONE,
        x: 6, y: 20, fg: Reset, bg: Reset, underline: Reset, modifier: NONE,
        x: 98, y: 20, fg: Indexed(8), bg: Reset, underline: Reset, modifier: NONE,
        x: 103, y: 20, fg: Reset, bg: Reset, underline: Reset, modifier: NONE,
        x: 144, y: 20, fg: Indexed(8), bg: Reset, underline: Reset, modifier: NONE,
        x: 145, y: 20, fg: Reset, bg: Reset, underline: Reset, modifier: NONE,
        x: 5, y: 21, fg: Indexed(8), bg: Reset, underline: Reset, modifier: NONE,
        x: 6, y: 21, fg: Reset, bg: Reset, underline: Reset, modifier: NONE,
        x: 144, y: 21, fg: Indexed(8), bg: Reset, underline: Reset, modifier: NONE,
        x: 145, y: 21, fg: Reset, bg: Reset, underline: Reset, modifier: NONE,
        x: 5, y: 22, fg: Indexed(8), bg: Reset, underline: Reset, modifier: NONE,
        x: 6, y: 22, fg: Reset, bg: Reset, underline: Reset, modifier: NONE,
        x: 144, y: 22, fg: Indexed(8), bg: Reset, underline: Reset, modifier: NONE,
        x: 145, y: 22, fg: Reset, bg: Reset, underline: Reset, modifier: NONE,
        x: 5, y: 23, fg: Indexed(8), bg: Reset, underline: Reset, modifier: NONE,
        x: 6, y: 23, fg: Reset, bg: Reset, underline: Reset, modifier: NONE,
        x: 144, y: 23, fg: Indexed(8), bg: Reset, underline: Reset, modifier: NONE,
        x: 145, y: 23, fg: Reset, bg: Reset, underline: Reset, modifier: NONE,
        x: 5, y: 24, fg: Indexed(8), bg: Reset, underline: Reset, modifier: NONE,
        x: 6, y: 24, fg: Reset, bg: Reset, underline: Reset, modifier: NONE,
        x: 52, y: 24, fg: Indexed(12), bg: Reset, underline: Reset, modifier: BOLD,
        x: 57, y: 24, fg: Reset, bg: Reset, underline: Reset, modifier: NONE,
        x: 144, y: 24, fg: Indexed(8), bg: Reset, underline: Reset, modifier: NONE,
        x: 145, y: 24, fg: Reset, bg: Reset, underline: Reset, modifier: NONE,
        x: 5, y: 25, fg: Indexed(8), bg: Reset, underline: Reset, modifier: NONE,
        x: 6, y: 25, fg: Reset, bg: Reset, underline: Reset, modifier: NONE,
        x: 52, y: 25, fg: Indexed(8), bg: Reset, underline: Reset, modifier: NONE,
        x: 57, y: 25, fg: Reset, bg: Reset, underline: Reset, modifier: NONE,
        x: 144, y: 25, fg: Indexed(8), bg: Reset, underline: Reset, modifier: NONE,
        x: 145, y: 25, fg: Reset, bg: Reset, underline: Reset, modifier: NONE,
        x: 5, y: 26, fg: Indexed(8), bg: Reset, underline: Reset, modifier: NONE,
        x: 6, y: 26, fg: Reset, bg: Reset, underline: Reset, modifier: NONE,
        x: 144, y: 26, fg: Indexed(8), bg: Reset, underline: Reset, modifier: NONE,
        x: 145, y: 26, fg: Reset, bg: Reset, underline: Reset, modifier: NONE,
        x: 5, y: 27, fg: Indexed(8), bg: Reset, underline: Reset, modifier: NONE,
        x: 6, y: 27, fg: Reset, bg: Reset, underline: Reset, modifier: NONE,
        x: 144, y: 27, fg: Indexed(8), bg: Reset, underline: Reset, modifier: NONE,
        x: 145, y: 27, fg: Reset, bg: Reset, underline: Reset, modifier: NONE,
        x: 5, y: 28, fg: Indexed(8), bg: Reset, underline: Reset, modifier: NONE,
        x: 6, y: 28, fg: Reset, bg: Reset, underline: Reset, modifier: NONE,
        x: 144, y: 28, fg: Indexed(8), bg: Reset, underline: Reset, modifier: NONE,
        x: 145, y: 28, fg: Reset, bg: Reset, underline: Reset, modifier: NONE,
        x: 5, y: 29, fg: Indexed(8), bg: Reset, underline: Reset, modifier: NONE,
        x: 6, y: 29, fg: Reset, bg: Reset, underline: Reset, modifier: NONE,
        x: 98, y: 29, fg: Indexed(12), bg: Reset, underline: Reset, modifier: BOLD,
        x: 104, y: 29, fg: Reset, bg: Reset, underline: Reset, modifier: NONE,
        x: 144, y: 29, fg: Indexed(8), bg: Reset, underline: Reset, modifier: NONE,
        x: 145, y: 29, fg: Reset, bg: Reset, underline: Reset, modifier: NONE,
        x: 5, y: 30, fg: Indexed(8), bg: Reset, underline: Reset, modifier: NONE,
        x: 6, y: 30, fg: Reset, bg: Reset, underline: Reset, modifier: NONE,
        x: 98, y: 30, fg: Indexed(8), bg: Reset, underline: Reset, modifier: NONE,
        x: 104, y: 30, fg: Reset, bg: Reset, underline: Reset, modifier: NONE,
        x: 144, y: 30, fg: Indexed(8), bg: Reset, underline: Reset, modifier: NONE,
        x: 145, y: 30, fg: Reset, bg: Reset, underline: Reset, modifier: NONE,
        x: 5, y: 31, fg: Indexed(8), bg: Reset, underline: Reset, modifier: NONE,
        x: 6, y: 31, fg: Reset, bg: Reset, underline: Reset, modifier: NONE,
        x: 144, y: 31, fg: Indexed(8), bg: Reset, underline: Reset, modifier: NONE,
        x: 145, y: 31, fg: Reset, bg: Reset, underline: Reset, modifier: NONE,
        x: 5, y: 32, fg: Indexed(8), bg: Reset, underline: Reset, modifier: NONE,
        x: 6, y: 32, fg: Reset, bg: Reset, underline: Reset, modifier: NONE,
        x: 144, y: 32, fg: Indexed(8), bg: Reset, underline: Reset, modifier: NONE,
        x: 145, y: 32, fg: Reset, bg: Reset, underline: Reset, modifier: NONE,
        x: 5, y: 33, fg: Indexed(8), bg: Reset, underline: Reset, modifier: NONE,
        x: 6, y: 33, fg: Reset, bg: Reset, underline: Reset, modifier: NONE,
        x: 144, y: 33, fg: Indexed(8), bg: Reset, underline: Reset, modifier: NONE,
        x: 145, y: 33, fg: Reset, bg: Reset, underline: Reset, modifier: NONE,
        x: 5, y: 34, fg: Indexed(8), bg: Reset, underline: Reset, modifier: NONE,
        x: 6, y: 34, fg: Reset, bg: Reset, underline: Reset, modifier: NONE,
        x: 144, y: 34, fg: Indexed(8), bg: Reset, underline: Reset, modifier: NONE,
        x: 145, y: 34, fg: Reset, bg: Reset, underline: Reset, modifier: NONE,
        x: 5, y: 35, fg: Indexed(8), bg: Reset, underline: Reset, modifier: NONE,
        x: 6, y: 35, fg: Reset, bg: Reset, underline: Reset, modifier: NONE,
        x: 144, y: 35, fg: Indexed(8), bg: Reset, underline: Reset, modifier: NONE,
        x: 145, y: 35, fg: Reset, bg: Reset, underline: Reset, modifier: NONE,
        x: 5, y: 36, fg: Indexed(8), bg: Reset, underline: Reset, modifier: NONE,
        x: 6, y: 36, fg: Reset, bg: Reset, underline: Reset, modifier: NONE,
        x: 144, y: 36, fg: Indexed(8), bg: Reset, underline: Reset, modifier: NONE,
        x: 145, y: 36, fg: Reset, bg: Reset, underline: Reset, modifier: NONE,
        x: 5, y: 37, fg: Indexed(8), bg: Reset, underline: Reset, modifier: NONE,
        x: 6, y: 37, fg: Reset, bg: Reset, underline: Reset, modifier: NONE,
        x: 62, y: 37, fg: Indexed(8), bg: Reset, underline: Reset, modifier: NONE,
        x: 89, y: 37, fg: Reset, bg: Reset, underline: Reset, modifier: NONE,
        x: 144, y: 37, fg: Indexed(8), bg: Reset, underline: Reset, modifier: NONE,
        x: 145, y: 37, fg: Reset, bg: Reset, underline: Reset, modifier: NONE,
        x: 5, y: 38, fg: Indexed(8), bg: Reset, underline: Reset, modifier: NONE,
        x: 145, y: 38, fg: Reset, bg: Reset, underline: Reset, modifier: NONE,
    ]
}
