---
source: crates/loxia-tui/src/modals/save_playlist.rs
assertion_line: 401
expression: rendered
---
Buffer {
    area: Rect { x: 0, y: 0, width: 90, height: 20 },
    content: [
        "                                                                                          ",
        "                                                                                          ",
        "                                                                                          ",
        "                                                                                          ",
        "                                                                                          ",
        "      ┌SAVE TO PLAYLIST────────────────────────────────────────────────────────────┐      ",
        "      │Tracks to save: 10 tracks (Active Queue)                                    │      ",
        "      │                                                                            │      ",
        "      │Target Playlist : [ My Mix ▼ ]                                              │      ",
        "      │                                                                            │      ",
        "      │[X] Sort tracks with the active sort profile before saving                  │      ",
        "      │                                                                            │      ",
        "      │[ Enter ] Add    [ Esc ] Cancel                                             │      ",
        "      └────────────────────────────────────────────────────────────────────────────┘      ",
        "                                                                                          ",
        "                                                                                          ",
        "                                                                                          ",
        "                                                                                          ",
        "                                                                                          ",
        "                                                                                          ",
    ],
    styles: [
        x: 0, y: 0, fg: Reset, bg: Reset, underline: Reset, modifier: NONE,
        x: 6, y: 5, fg: Indexed(12), bg: Reset, underline: Reset, modifier: NONE,
        x: 84, y: 5, fg: Reset, bg: Reset, underline: Reset, modifier: NONE,
        x: 6, y: 6, fg: Indexed(12), bg: Reset, underline: Reset, modifier: NONE,
        x: 7, y: 6, fg: Indexed(8), bg: Reset, underline: Reset, modifier: NONE,
        x: 47, y: 6, fg: Reset, bg: Reset, underline: Reset, modifier: NONE,
        x: 83, y: 6, fg: Indexed(12), bg: Reset, underline: Reset, modifier: NONE,
        x: 84, y: 6, fg: Reset, bg: Reset, underline: Reset, modifier: NONE,
        x: 6, y: 7, fg: Indexed(12), bg: Reset, underline: Reset, modifier: NONE,
        x: 7, y: 7, fg: Reset, bg: Reset, underline: Reset, modifier: NONE,
        x: 83, y: 7, fg: Indexed(12), bg: Reset, underline: Reset, modifier: NONE,
        x: 84, y: 7, fg: Reset, bg: Reset, underline: Reset, modifier: NONE,
        x: 6, y: 8, fg: Indexed(12), bg: Reset, underline: Reset, modifier: NONE,
        x: 7, y: 8, fg: Reset, bg: Reset, underline: Reset, modifier: NONE,
        x: 83, y: 8, fg: Indexed(12), bg: Reset, underline: Reset, modifier: NONE,
        x: 84, y: 8, fg: Reset, bg: Reset, underline: Reset, modifier: NONE,
        x: 6, y: 9, fg: Indexed(12), bg: Reset, underline: Reset, modifier: NONE,
        x: 7, y: 9, fg: Reset, bg: Reset, underline: Reset, modifier: NONE,
        x: 83, y: 9, fg: Indexed(12), bg: Reset, underline: Reset, modifier: NONE,
        x: 84, y: 9, fg: Reset, bg: Reset, underline: Reset, modifier: NONE,
        x: 6, y: 10, fg: Indexed(12), bg: Reset, underline: Reset, modifier: NONE,
        x: 65, y: 10, fg: Reset, bg: Reset, underline: Reset, modifier: NONE,
        x: 83, y: 10, fg: Indexed(12), bg: Reset, underline: Reset, modifier: NONE,
        x: 84, y: 10, fg: Reset, bg: Reset, underline: Reset, modifier: NONE,
        x: 6, y: 11, fg: Indexed(12), bg: Reset, underline: Reset, modifier: NONE,
        x: 7, y: 11, fg: Reset, bg: Reset, underline: Reset, modifier: NONE,
        x: 83, y: 11, fg: Indexed(12), bg: Reset, underline: Reset, modifier: NONE,
        x: 84, y: 11, fg: Reset, bg: Reset, underline: Reset, modifier: NONE,
        x: 6, y: 12, fg: Indexed(12), bg: Reset, underline: Reset, modifier: NONE,
        x: 7, y: 12, fg: Indexed(8), bg: Reset, underline: Reset, modifier: NONE,
        x: 38, y: 12, fg: Reset, bg: Reset, underline: Reset, modifier: NONE,
        x: 83, y: 12, fg: Indexed(12), bg: Reset, underline: Reset, modifier: NONE,
        x: 84, y: 12, fg: Reset, bg: Reset, underline: Reset, modifier: NONE,
        x: 6, y: 13, fg: Indexed(12), bg: Reset, underline: Reset, modifier: NONE,
        x: 84, y: 13, fg: Reset, bg: Reset, underline: Reset, modifier: NONE,
    ]
}
