---
source: crates/loxia-tui/src/views/now_playing.rs
assertion_line: 787
expression: "render_at(120, 30, &state).0"
---
Buffer {
    area: Rect { x: 0, y: 0, width: 120, height: 30 },
    content: [
        "┌HISTORY  [H] Queue──────────────────────────────────┐┌────────────────────────────────────────────────────────────────┐",
        "│• 22:15  Boy Harsher — Hist 2                  03:00││Track 4                                                         │",
        "│• 22:14  Boy Harsher — Hist 1                  03:00││Boy Harsher                                                     │",
        "│• 22:13  Boy Harsher — Hist 0                  03:00││Album: Care (2019) | Genre: —                                   │",
        "│                                                    ││                                                                │",
        "│                                                    ││        ┌──────────────────────────────────────────────┐        │",
        "│                                                    ││        │                                              │        │",
        "│                                                    ││        │                                              │        │",
        "│                                                    ││        │                                              │        │",
        "│                                                    ││        │                                              │        │",
        "│                                                    ││        │                                              │        │",
        "│                                                    ││        │                                              │        │",
        "│                                                    ││        │                                              │        │",
        "│                                                    ││        │                                              │        │",
        "│                                                    ││        │                                              │        │",
        "│                                                    ││        │                                              │        │",
        "│                                                    ││        │                                              │        │",
        "│                                                    ││        │                       ♪                      │        │",
        "│                                                    ││        │                                              │        │",
        "│                                                    ││        │                                              │        │",
        "│                                                    ││        │                                              │        │",
        "│                                                    ││        │                                              │        │",
        "│                                                    ││        │                                              │        │",
        "│                                                    ││        │                                              │        │",
        "│                                                    ││        │                                              │        │",
        "│                                                    ││        │                                              │        │",
        "│                                                    ││        │                                              │        │",
        "│                                                    ││        │                                              │        │",
        "│                                                    ││        └──────────────────────────────────────────────┘        │",
        "└──────────────────────────────────────────────────────┘└────────────────────────────────────────────────────────────────┘",
    ],
    styles: [
        x: 0, y: 0, fg: Indexed(12), bg: Reset, underline: Reset, modifier: NONE,
        x: 0, y: 1, fg: Indexed(12), bg: Reset, underline: Reset, modifier: NONE,
        x: 1, y: 1, fg: Reset, bg: Reset, underline: Reset, modifier: NONE,
        x: 53, y: 1, fg: Indexed(12), bg: Reset, underline: Reset, modifier: NONE,
        x: 55, y: 1, fg: Reset, bg: Reset, underline: Reset, modifier: NONE,
        x: 119, y: 1, fg: Indexed(12), bg: Reset, underline: Reset, modifier: NONE,
        x: 0, y: 2, fg: Indexed(12), bg: Reset, underline: Reset, modifier: NONE,
        x: 1, y: 2, fg: Reset, bg: Reset, underline: Reset, modifier: NONE,
        x: 53, y: 2, fg: Indexed(12), bg: Reset, underline: Reset, modifier: NONE,
        x: 55, y: 2, fg: Reset, bg: Reset, underline: Reset, modifier: NONE,
        x: 119, y: 2, fg: Indexed(12), bg: Reset, underline: Reset, modifier: NONE,
        x: 0, y: 3, fg: Indexed(12), bg: Reset, underline: Reset, modifier: NONE,
        x: 1, y: 3, fg: Reset, bg: Reset, underline: Reset, modifier: NONE,
        x: 53, y: 3, fg: Indexed(12), bg: Reset, underline: Reset, modifier: NONE,
        x: 55, y: 3, fg: Reset, bg: Reset, underline: Reset, modifier: NONE,
        x: 119, y: 3, fg: Indexed(12), bg: Reset, underline: Reset, modifier: NONE,
        x: 0, y: 4, fg: Indexed(12), bg: Reset, underline: Reset, modifier: NONE,
        x: 1, y: 4, fg: Reset, bg: Reset, underline: Reset, modifier: NONE,
        x: 53, y: 4, fg: Indexed(12), bg: Reset, underline: Reset, modifier: NONE,
        x: 55, y: 4, fg: Reset, bg: Reset, underline: Reset, modifier: NONE,
        x: 119, y: 4, fg: Indexed(12), bg: Reset, underline: Reset, modifier: NONE,
        x: 0, y: 5, fg: Indexed(12), bg: Reset, underline: Reset, modifier: NONE,
        x: 1, y: 5, fg: Reset, bg: Reset, underline: Reset, modifier: NONE,
        x: 53, y: 5, fg: Indexed(12), bg: Reset, underline: Reset, modifier: NONE,
        x: 55, y: 5, fg: Reset, bg: Reset, underline: Reset, modifier: NONE,
        x: 63, y: 5, fg: Indexed(12), bg: Reset, underline: Reset, modifier: NONE,
        x: 111, y: 5, fg: Reset, bg: Reset, underline: Reset, modifier: NONE,
        x: 119, y: 5, fg: Indexed(12), bg: Reset, underline: Reset, modifier: NONE,
        x: 0, y: 6, fg: Indexed(12), bg: Reset, underline: Reset, modifier: NONE,
        x: 1, y: 6, fg: Reset, bg: Reset, underline: Reset, modifier: NONE,
        x: 53, y: 6, fg: Indexed(12), bg: Reset, underline: Reset, modifier: NONE,
        x: 55, y: 6, fg: Reset, bg: Reset, underline: Reset, modifier: NONE,
        x: 63, y: 6, fg: Indexed(12), bg: Reset, underline: Reset, modifier: NONE,
        x: 64, y: 6, fg: Reset, bg: Reset, underline: Reset, modifier: NONE,
        x: 110, y: 6, fg: Indexed(12), bg: Reset, underline: Reset, modifier: NONE,
        x: 111, y: 6, fg: Reset, bg: Reset, underline: Reset, modifier: NONE,
        x: 119, y: 6, fg: Indexed(12), bg: Reset, underline: Reset, modifier: NONE,
        x: 0, y: 7, fg: Indexed(12), bg: Reset, underline: Reset, modifier: NONE,
        x: 1, y: 7, fg: Reset, bg: Reset, underline: Reset, modifier: NONE,
        x: 53, y: 7, fg: Indexed(12), bg: Reset, underline: Reset, modifier: NONE,
        x: 55, y: 7, fg: Reset, bg: Reset, underline: Reset, modifier: NONE,
        x: 63, y: 7, fg: Indexed(12), bg: Reset, underline: Reset, modifier: NONE,
        x: 64, y: 7, fg: Reset, bg: Reset, underline: Reset, modifier: NONE,
        x: 110, y: 7, fg: Indexed(12), bg: Reset, underline: Reset, modifier: NONE,
        x: 111, y: 7, fg: Reset, bg: Reset, underline: Reset, modifier: NONE,
        x: 119, y: 7, fg: Indexed(12), bg: Reset, underline: Reset, modifier: NONE,
        x: 0, y: 8, fg: Indexed(12), bg: Reset, underline: Reset, modifier: NONE,
        x: 1, y: 8, fg: Reset, bg: Reset, underline: Reset, modifier: NONE,
        x: 53, y: 8, fg: Indexed(12), bg: Reset, underline: Reset, modifier: NONE,
        x: 55, y: 8, fg: Reset, bg: Reset, underline: Reset, modifier: NONE,
        x: 63, y: 8, fg: Indexed(12), bg: Reset, underline: Reset, modifier: NONE,
        x: 64, y: 8, fg: Reset, bg: Reset, underline: Reset, modifier: NONE,
        x: 110, y: 8, fg: Indexed(12), bg: Reset, underline: Reset, modifier: NONE,
        x: 111, y: 8, fg: Reset, bg: Reset, underline: Reset, modifier: NONE,
        x: 119, y: 8, fg: Indexed(12), bg: Reset, underline: Reset, modifier: NONE,
        x: 0, y: 9, fg: Indexed(12), bg: Reset, underline: Reset, modifier: NONE,
        x: 1, y: 9, fg: Reset, bg: Reset, underline: Reset, modifier: NONE,
        x: 53, y: 9, fg: Indexed(12), bg: Reset, underline: Reset, modifier: NONE,
        x: 55, y: 9, fg: Reset, bg: Reset, underline: Reset, modifier: NONE,
        x: 63, y: 9, fg: Indexed(12), bg: Reset, underline: Reset, modifier: NONE,
        x: 64, y: 9, fg: Reset, bg: Reset, underline: Reset, modifier: NONE,
        x: 110, y: 9, fg: Indexed(12), bg: Reset, underline: Reset, modifier: NONE,
        x: 111, y: 9, fg: Reset, bg: Reset, underline: Reset, modifier: NONE,
        x: 119, y: 9, fg: Indexed(12), bg: Reset, underline: Reset, modifier: NONE,
        x: 0, y: 10, fg: Indexed(12), bg: Reset, underline: Reset, modifier: NONE,
        x: 1, y: 10, fg: Reset, bg: Reset, underline: Reset, modifier: NONE,
        x: 53, y: 10, fg: Indexed(12), bg: Reset, underline: Reset, modifier: NONE,
        x: 55, y: 10, fg: Reset, bg: Reset, underline: Reset, modifier: NONE,
        x: 63, y: 10, fg: Indexed(12), bg: Reset, underline: Reset, modifier: NONE,
        x: 64, y: 10, fg: Reset, bg: Reset, underline: Reset, modifier: NONE,
        x: 110, y: 10, fg: Indexed(12), bg: Reset, underline: Reset, modifier: NONE,
        x: 111, y: 10, fg: Reset, bg: Reset, underline: Reset, modifier: NONE,
        x: 119, y: 10, fg: Indexed(12), bg: Reset, underline: Reset, modifier: NONE,
        x: 0, y: 11, fg: Indexed(12), bg: Reset, underline: Reset, modifier: NONE,
        x: 1, y: 11, fg: Reset, bg: Reset, underline: Reset, modifier: NONE,
        x: 53, y: 11, fg: Indexed(12), bg: Reset, underline: Reset, modifier: NONE,
        x: 55, y: 11, fg: Reset, bg: Reset, underline: Reset, modifier: NONE,
        x: 63, y: 11, fg: Indexed(12), bg: Reset, underline: Reset, modifier: NONE,
        x: 64, y: 11, fg: Reset, bg: Reset, underline: Reset, modifier: NONE,
        x: 110, y: 11, fg: Indexed(12), bg: Reset, underline: Reset, modifier: NONE,
        x: 111, y: 11, fg: Reset, bg: Reset, underline: Reset, modifier: NONE,
        x: 119, y: 11, fg: Indexed(12), bg: Reset, underline: Reset, modifier: NONE,
        x: 0, y: 12, fg: Indexed(12), bg: Reset, underline: Reset, modifier: NONE,
        x: 1, y: 12, fg: Reset, bg: Reset, underline: Reset, modifier: NONE,
        x: 53, y: 12, fg: Indexed(12), bg: Reset, underline: Reset, modifier: NONE,
        x: 55, y: 12, fg: Reset, bg: Reset, underline: Reset, modifier: NONE,
        x: 63, y: 12, fg: Indexed(12), bg: Reset, underline: Reset, modifier: NONE,
        x: 64, y: 12, fg: Reset, bg: Reset, underline: Reset, modifier: NONE,
        x: 110, y: 12, fg: Indexed(12), bg: Reset, underline: Reset, modifier: NONE,
        x: 111, y: 12, fg: Reset, bg: Reset, underline: Reset, modifier: NONE,
        x: 119, y: 12, fg: Indexed(12), bg: Reset, underline: Reset, modifier: NONE,
        x: 0, y: 13, fg: Indexed(12), bg: Reset, underline: Reset, modifier: NONE,
        x: 1, y: 13, fg: Reset, bg: Reset, underline: Reset, modifier: NONE,
        x: 53, y: 13, fg: Indexed(12), bg: Reset, underline: Reset, modifier: NONE,
        x: 55, y: 13, fg: Reset, bg: Reset, underline: Reset, modifier: NONE,
        x: 63, y: 13, fg: Indexed(12), bg: Reset, underline: Reset, modifier: NONE,
        x: 64, y: 13, fg: Reset, bg: Reset, underline: Reset, modifier: NONE,
        x: 110, y: 13, fg: Indexed(12), bg: Reset, underline: Reset, modifier: NONE,
        x: 111, y: 13, fg: Reset, bg: Reset, underline: Reset, modifier: NONE,
        x: 119, y: 13, fg: Indexed(12), bg: Reset, underline: Reset, modifier: NONE,
        x: 0, y: 14, fg: Indexed(12), bg: Reset, underline: Reset, modifier: NONE,
        x: 1, y: 14, fg: Reset, bg: Reset, underline: Reset, modifier: NONE,
        x: 53, y: 14, fg: Indexed(12), bg: Reset, underline: Reset, modifier: NONE,
        x: 55, y: 14, fg: Reset, bg: Reset, underline: Reset, modifier: NONE,
        x: 63, y: 14, fg: Indexed(12), bg: Reset, underline: Reset, modifier: NONE,
        x: 64, y: 14, fg: Reset, bg: Reset, underline: Reset, modifier: NONE,
        x: 110, y: 14, fg: Indexed(12), bg: Reset, underline: Reset, modifier: NONE,
        x: 111, y: 14, fg: Reset, bg: Reset, underline: Reset, modifier: NONE,
        x: 119, y: 14, fg: Indexed(12), bg: Reset, underline: Reset, modifier: NONE,
        x: 0, y: 15, fg: Indexed(12), bg: Reset, underline: Reset, modifier: NONE,
        x: 1, y: 15, fg: Reset, bg: Reset, underline: Reset, modifier: NONE,
        x: 53, y: 15, fg: Indexed(12), bg: Reset, underline: Reset, modifier: NONE,
        x: 55, y: 15, fg: Reset, bg: Reset, underline: Reset, modifier: NONE,
        x: 63, y: 15, fg: Indexed(12), bg: Reset, underline: Reset, modifier: NONE,
        x: 64, y: 15, fg: Reset, bg: Reset, underline: Reset, modifier: NONE,
        x: 110, y: 15, fg: Indexed(12), bg: Reset, underline: Reset, modifier: NONE,
        x: 111, y: 15, fg: Reset, bg: Reset, underline: Reset, modifier: NONE,
        x: 119, y: 15, fg: Indexed(12), bg: Reset, underline: Reset, modifier: NONE,
        x: 0, y: 16, fg: Indexed(12), bg: Reset, underline: Reset, modifier: NONE,
        x: 1, y: 16, fg: Reset, bg: Reset, underline: Reset, modifier: NONE,
        x: 53, y: 16, fg: Indexed(12), bg: Reset, underline: Reset, modifier: NONE,
        x: 55, y: 16, fg: Reset, bg: Reset, underline: Reset, modifier: NONE,
        x: 63, y: 16, fg: Indexed(12), bg: Reset, underline: Reset, modifier: NONE,
        x: 64, y: 16, fg: Reset, bg: Reset, underline: Reset, modifier: NONE,
        x: 110, y: 16, fg: Indexed(12), bg: Reset, underline: Reset, modifier: NONE,
        x: 111, y: 16, fg: Reset, bg: Reset, underline: Reset, modifier: NONE,
        x: 119, y: 16, fg: Indexed(12), bg: Reset, underline: Reset, modifier: NONE,
        x: 0, y: 17, fg: Indexed(12), bg: Reset, underline: Reset, modifier: NONE,
        x: 1, y: 17, fg: Reset, bg: Reset, underline: Reset, modifier: NONE,
        x: 53, y: 17, fg: Indexed(12), bg: Reset, underline: Reset, modifier: NONE,
        x: 55, y: 17, fg: Reset, bg: Reset, underline: Reset, modifier: NONE,
        x: 63, y: 17, fg: Indexed(12), bg: Reset, underline: Reset, modifier: NONE,
        x: 64, y: 17, fg: Reset, bg: Reset, underline: Reset, modifier: NONE,
        x: 110, y: 17, fg: Indexed(12), bg: Reset, underline: Reset, modifier: NONE,
        x: 111, y: 17, fg: Reset, bg: Reset, underline: Reset, modifier: NONE,
        x: 119, y: 17, fg: Indexed(12), bg: Reset, underline: Reset, modifier: NONE,
        x: 0, y: 18, fg: Indexed(12), bg: Reset, underline: Reset, modifier: NONE,
        x: 1, y: 18, fg: Reset, bg: Reset, underline: Reset, modifier: NONE,
        x: 53, y: 18, fg: Indexed(12), bg: Reset, underline: Reset, modifier: NONE,
        x: 55, y: 18, fg: Reset, bg: Reset, underline: Reset, modifier: NONE,
        x: 63, y: 18, fg: Indexed(12), bg: Reset, underline: Reset, modifier: NONE,
        x: 64, y: 18, fg: Reset, bg: Reset, underline: Reset, modifier: NONE,
        x: 110, y: 18, fg: Indexed(12), bg: Reset, underline: Reset, modifier: NONE,
        x: 111, y: 18, fg: Reset, bg: Reset, underline: Reset, modifier: NONE,
        x: 119, y: 18, fg: Indexed(12), bg: Reset, underline: Reset, modifier: NONE,
        x: 0, y: 19, fg: Indexed(12), bg: Reset, underline: Reset, modifier: NONE,
        x: 1, y: 19, fg: Reset, bg: Reset, underline: Reset, modifier: NONE,
        x: 53, y: 19, fg: Indexed(12), bg: Reset, underline: Reset, modifier: NONE,
        x: 55, y: 19, fg: Reset, bg: Reset, underline: Reset, modifier: NONE,
        x: 63, y: 19, fg: Indexed(12), bg: Reset, underline: Reset, modifier: NONE,
        x: 64, y: 19, fg: Reset, bg: Reset, underline: Reset, modifier: NONE,
        x: 110, y: 19, fg: Indexed(12), bg: Reset, underline: Reset, modifier: NONE,
        x: 111, y: 19, fg: Reset, bg: Reset, underline: Reset, modifier: NONE,
        x: 119, y: 19, fg: Indexed(12), bg: Reset, underline: Reset, modifier: NONE,
        x: 0, y: 20, fg: Indexed(12), bg: Reset, underline: Reset, modifier: NONE,
        x: 1, y: 20, fg: Reset, bg: Reset, underline: Reset, modifier: NONE,
        x: 53, y: 20, fg: Indexed(12), bg: Reset, underline: Reset, modifier: NONE,
        x: 55, y: 20, fg: Reset, bg: Reset, underline: Reset, modifier: NONE,
        x: 63, y: 20, fg: Indexed(12), bg: Reset, underline: Reset, modifier: NONE,
        x: 64, y: 20, fg: Reset, bg: Reset, underline: Reset, modifier: NONE,
        x: 110, y: 20, fg: Indexed(12), bg: Reset, underline: Reset, modifier: NONE,
        x: 111, y: 20, fg: Reset, bg: Reset, underline: Reset, modifier: NONE,
        x: 119, y: 20, fg: Indexed(12), bg: Reset, underline: Reset, modifier: NONE,
        x: 0, y: 21, fg: Indexed(12), bg: Reset, underline: Reset, modifier: NONE,
        x: 1, y: 21, fg: Reset, bg: Reset, underline: Reset, modifier: NONE,
        x: 53, y: 21, fg: Indexed(12), bg: Reset, underline: Reset, modifier: NONE,
        x: 55, y: 21, fg: Reset, bg: Reset, underline: Reset, modifier: NONE,
        x: 63, y: 21, fg: Indexed(12), bg: Reset, underline: Reset, modifier: NONE,
        x: 64, y: 21, fg: Reset, bg: Reset, underline: Reset, modifier: NONE,
        x: 110, y: 21, fg: Indexed(12), bg: Reset, underline: Reset, modifier: NONE,
        x: 111, y: 21, fg: Reset, bg: Reset, underline: Reset, modifier: NONE,
        x: 119, y: 21, fg: Indexed(12), bg: Reset, underline: Reset, modifier: NONE,
        x: 0, y: 22, fg: Indexed(12), bg: Reset, underline: Reset, modifier: NONE,
        x: 1, y: 22, fg: Reset, bg: Reset, underline: Reset, modifier: NONE,
        x: 53, y: 22, fg: Indexed(12), bg: Reset, underline: Reset, modifier: NONE,
        x: 55, y: 22, fg: Reset, bg: Reset, underline: Reset, modifier: NONE,
        x: 63, y: 22, fg: Indexed(12), bg: Reset, underline: Reset, modifier: NONE,
        x: 64, y: 22, fg: Reset, bg: Reset, underline: Reset, modifier: NONE,
        x: 110, y: 22, fg: Indexed(12), bg: Reset, underline: Reset, modifier: NONE,
        x: 111, y: 22, fg: Reset, bg: Reset, underline: Reset, modifier: NONE,
        x: 119, y: 22, fg: Indexed(12), bg: Reset, underline: Reset, modifier: NONE,
        x: 0, y: 23, fg: Indexed(12), bg: Reset, underline: Reset, modifier: NONE,
        x: 1, y: 23, fg: Reset, bg: Reset, underline: Reset, modifier: NONE,
        x: 53, y: 23, fg: Indexed(12), bg: Reset, underline: Reset, modifier: NONE,
        x: 55, y: 23, fg: Reset, bg: Reset, underline: Reset, modifier: NONE,
        x: 63, y: 23, fg: Indexed(12), bg: Reset, underline: Reset, modifier: NONE,
        x: 64, y: 23, fg: Reset, bg: Reset, underline: Reset, modifier: NONE,
        x: 110, y: 23, fg: Indexed(12), bg: Reset, underline: Reset, modifier: NONE,
        x: 111, y: 23, fg: Reset, bg: Reset, underline: Reset, modifier: NONE,
        x: 119, y: 23, fg: Indexed(12), bg: Reset, underline: Reset, modifier: NONE,
        x: 0, y: 24, fg: Indexed(12), bg: Reset, underline: Reset, modifier: NONE,
        x: 1, y: 24, fg: Reset, bg: Reset, underline: Reset, modifier: NONE,
        x: 53, y: 24, fg: Indexed(12), bg: Reset, underline: Reset, modifier: NONE,
        x: 55, y: 24, fg: Reset, bg: Reset, underline: Reset, modifier: NONE,
        x: 63, y: 24, fg: Indexed(12), bg: Reset, underline: Reset, modifier: NONE,
        x: 64, y: 24, fg: Reset, bg: Reset, underline: Reset, modifier: NONE,
        x: 110, y: 24, fg: Indexed(12), bg: Reset, underline: Reset, modifier: NONE,
        x: 111, y: 24, fg: Reset, bg: Reset, underline: Reset, modifier: NONE,
        x: 119, y: 24, fg: Indexed(12), bg: Reset, underline: Reset, modifier: NONE,
        x: 0, y: 25, fg: Indexed(12), bg: Reset, underline: Reset, modifier: NONE,
        x: 1, y: 25, fg: Reset, bg: Reset, underline: Reset, modifier: NONE,
        x: 53, y: 25, fg: Indexed(12), bg: Reset, underline: Reset, modifier: NONE,
        x: 55, y: 25, fg: Reset, bg: Reset, underline: Reset, modifier: NONE,
        x: 63, y: 25, fg: Indexed(12), bg: Reset, underline: Reset, modifier: NONE,
        x: 64, y: 25, fg: Reset, bg: Reset, underline: Reset, modifier: NONE,
        x: 110, y: 25, fg: Indexed(12), bg: Reset, underline: Reset, modifier: NONE,
        x: 111, y: 25, fg: Reset, bg: Reset, underline: Reset, modifier: NONE,
        x: 119, y: 25, fg: Indexed(12), bg: Reset, underline: Reset, modifier: NONE,
        x: 0, y: 26, fg: Indexed(12), bg: Reset, underline: Reset, modifier: NONE,
        x: 1, y: 26, fg: Reset, bg: Reset, underline: Reset, modifier: NONE,
        x: 53, y: 26, fg: Indexed(12), bg: Reset, underline: Reset, modifier: NONE,
        x: 55, y: 26, fg: Reset, bg: Reset, underline: Reset, modifier: NONE,
        x: 63, y: 26, fg: Indexed(12), bg: Reset, underline: Reset, modifier: NONE,
        x: 64, y: 26, fg: Reset, bg: Reset, underline: Reset, modifier: NONE,
        x: 110, y: 26, fg: Indexed(12), bg: Reset, underline: Reset, modifier: NONE,
        x: 111, y: 26, fg: Reset, bg: Reset, underline: Reset, modifier: NONE,
        x: 119, y: 26, fg: Indexed(12), bg: Reset, underline: Reset, modifier: NONE,
        x: 0, y: 27, fg: Indexed(12), bg: Reset, underline: Reset, modifier: NONE,
        x: 1, y: 27, fg: Reset, bg: Reset, underline: Reset, modifier: NONE,
        x: 53, y: 27, fg: Indexed(12), bg: Reset, underline: Reset, modifier: NONE,
        x: 55, y: 27, fg: Reset, bg: Reset, underline: Reset, modifier: NONE,
        x: 63, y: 27, fg: Indexed(12), bg: Reset, underline: Reset, modifier: NONE,
        x: 111, y: 27, fg: Reset, bg: Reset, underline: Reset, modifier: NONE,
        x: 119, y: 27, fg: Indexed(12), bg: Reset, underline: Reset, modifier: NONE,
        x: 0, y: 28, fg: Indexed(12), bg: Reset, underline: Reset, modifier: NONE,
    ]
}
