---
source: crates/loxia-tui/src/views/zen.rs
assertion_line: 538
expression: "render_at(140, 24, &state)"
---
Buffer {
    area: Rect { x: 0, y: 0, width: 140, height: 24 },
    content: [
        "                                                      ┌──────────────────────────────┐                                                      ",
        "                                                      │                              │                                                      ",
        "                                                      │                              │                                                      ",
        "                                                      │                              │                                                      ",
        "                                                      │                              │                                                      ",
        "                                                      │                              │                                                      ",
        "                                                      │                              │                                                      ",
        "                                                      │                              │                                                      ",
        "                                                      │               ♪              │                                                      ",
        "                                                      │                              │                                                      ",
        "                                                      │                              │                                                      ",
        "                                                      │                              │                                                      ",
        "                                                      │                              │                                                      ",
        "                                                      │                              │                                                      ",
        "                                                      │                              │                                                      ",
        "                                                      └──────────────────────────────┘                                                      ",
        "                                                                                                                                            ",
        "                                                                   Track 4                                                                  ",
        "                                                                 Boy Harsher                                                                ",
        "                                                             Album: Care (2019)                                                             ",
        "────────────────────────────────────────────────────────────────────────────────────────────────────────────────────────────────────────────",
        "                                                                                                                                            ",
        " ⏮️  ⏯️  ⏹️  ⏭️  🔀️  🔁️  1:24 █████████████████████████████████████████▍░░░░░░░░░░░░░░░░░░░░░░░░░░░░░░░░░░░░░░░░░░░░░░░░░░░░░░░░░░░░░░ 3:31 ", // hidden by multi-width symbols: [(2, " "), (6, " "), (10, " "), (14, " "), (18, " "), (22, " ")]
        "                                                                                                                                            ",
    ],
    styles: [
        x: 0, y: 0, fg: Reset, bg: Reset, underline: Reset, modifier: NONE,
        x: 54, y: 0, fg: Indexed(8), bg: Reset, underline: Reset, modifier: NONE,
        x: 86, y: 0, fg: Reset, bg: Reset, underline: Reset, modifier: NONE,
        x: 54, y: 1, fg: Indexed(8), bg: Reset, underline: Reset, modifier: NONE,
        x: 55, y: 1, fg: Reset, bg: Reset, underline: Reset, modifier: NONE,
        x: 85, y: 1, fg: Indexed(8), bg: Reset, underline: Reset, modifier: NONE,
        x: 86, y: 1, fg: Reset, bg: Reset, underline: Reset, modifier: NONE,
        x: 54, y: 2, fg: Indexed(8), bg: Reset, underline: Reset, modifier: NONE,
        x: 55, y: 2, fg: Reset, bg: Reset, underline: Reset, modifier: NONE,
        x: 85, y: 2, fg: Indexed(8), bg: Reset, underline: Reset, modifier: NONE,
        x: 86, y: 2, fg: Reset, bg: Reset, underline: Reset, modifier: NONE,
        x: 54, y: 3, fg: Indexed(8), bg: Reset, underline: Reset, modifier: NONE,
        x: 55, y: 3, fg: Reset, bg: Reset, underline: Reset, modifier: NONE,
        x: 85, y: 3, fg: Indexed(8), bg: Reset, underline: Reset, modifier: NONE,
        x: 86, y: 3, fg: Reset, bg: Reset, underline: Reset, modifier: NONE,
        x: 54, y: 4, fg: Indexed(8), bg: Reset, underline: Reset, modifier: NONE,
        x: 55, y: 4, fg: Reset, bg: Reset, underline: Reset, modifier: NONE,
        x: 85, y: 4, fg: Indexed(8), bg: Reset, underline: Reset, modifier: NONE,
        x: 86, y: 4, fg: Reset, bg: Reset, underline: Reset, modifier: NONE,
        x: 54, y: 5, fg: Indexed(8), bg: Reset, underline: Reset, modifier: NONE,
        x: 55, y: 5, fg: Reset, bg: Reset, underline: Reset, modifier: NONE,
        x: 85, y: 5, fg: Indexed(8), bg: Reset, underline: Reset, modifier: NONE,
        x: 86, y: 5, fg: Reset, bg: Reset, underline: Reset, modifier: NONE,
        x: 54, y: 6, fg: Indexed(8), bg: Reset, underline: Reset, modifier: NONE,
        x: 55, y: 6, fg: Reset, bg: Reset, underline: Reset, modifier: NONE,
        x: 85, y: 6, fg: Indexed(8), bg: Reset, underline: Reset, modifier: NONE,
        x: 86, y: 6, fg: Reset, bg: Reset, underline: Reset, modifier: NONE,
        x: 54, y: 7, fg: Indexed(8), bg: Reset, underline: Reset, modifier: NONE,
        x: 55, y: 7, fg: Reset, bg: Reset, underline: Reset, modifier: NONE,
        x: 85, y: 7, fg: Indexed(8), bg: Reset, underline: Reset, modifier: NONE,
        x: 86, y: 7, fg: Reset, bg: Reset, underline: Reset, modifier: NONE,
        x: 54, y: 8, fg: Indexed(8), bg: Reset, underline: Reset, modifier: NONE,
        x: 55, y: 8, fg: Reset, bg: Reset, underline: Reset, modifier: NONE,
        x: 70, y: 8, fg: Indexed(8), bg: Reset, underline: Reset, modifier: NONE,
        x: 71, y: 8, fg: Reset, bg: Reset, underline: Reset, modifier: NONE,
        x: 85, y: 8, fg: Indexed(8), bg: Reset, underline: Reset, modifier: NONE,
        x: 86, y: 8, fg: Reset, bg: Reset, underline: Reset, modifier: NONE,
        x: 54, y: 9, fg: Indexed(8), bg: Reset, underline: Reset, modifier: NONE,
        x: 55, y: 9, fg: Reset, bg: Reset, underline: Reset, modifier: NONE,
        x: 85, y: 9, fg: Indexed(8), bg: Reset, underline: Reset, modifier: NONE,
        x: 86, y: 9, fg: Reset, bg: Reset, underline: Reset, modifier: NONE,
        x: 54, y: 10, fg: Indexed(8), bg: Reset, underline: Reset, modifier: NONE,
        x: 55, y: 10, fg: Reset, bg: Reset, underline: Reset, modifier: NONE,
        x: 85, y: 10, fg: Indexed(8), bg: Reset, underline: Reset, modifier: NONE,
        x: 86, y: 10, fg: Reset, bg: Reset, underline: Reset, modifier: NONE,
        x: 54, y: 11, fg: Indexed(8), bg: Reset, underline: Reset, modifier: NONE,
        x: 55, y: 11, fg: Reset, bg: Reset, underline: Reset, modifier: NONE,
        x: 85, y: 11, fg: Indexed(8), bg: Reset, underline: Reset, modifier: NONE,
        x: 86, y: 11, fg: Reset, bg: Reset, underline: Reset, modifier: NONE,
        x: 54, y: 12, fg: Indexed(8), bg: Reset, underline: Reset, modifier: NONE,
        x: 55, y: 12, fg: Reset, bg: Reset, underline: Reset, modifier: NONE,
        x: 85, y: 12, fg: Indexed(8), bg: Reset, underline: Reset, modifier: NONE,
        x: 86, y: 12, fg: Reset, bg: Reset, underline: Reset, modifier: NONE,
        x: 54, y: 13, fg: Indexed(8), bg: Reset, underline: Reset, modifier: NONE,
        x: 55, y: 13, fg: Reset, bg: Reset, underline: Reset, modifier: NONE,
        x: 85, y: 13, fg: Indexed(8), bg: Reset, underline: Reset, modifier: NONE,
        x: 86, y: 13, fg: Reset, bg: Reset, underline: Reset, modifier: NONE,
        x: 54, y: 14, fg: Indexed(8), bg: Reset, underline: Reset, modifier: NONE,
        x: 55, y: 14, fg: Reset, bg: Reset, underline: Reset, modifier: NONE,
        x: 85, y: 14, fg: Indexed(8), bg: Reset, underline: Reset, modifier: NONE,
        x: 86, y: 14, fg: Reset, bg: Reset, underline: Reset, modifier: NONE,
        x: 54, y: 15, fg: Indexed(8), bg: Reset, underline: Reset, modifier: NONE,
        x: 86, y: 15, fg: Reset, bg: Reset, underline: Reset, modifier: NONE,
        x: 67, y: 17, fg: Indexed(12), bg: Reset, underline: Reset, modifier: BOLD,
        x: 74, y: 17, fg: Reset, bg: Reset, underline: Reset, modifier: NONE,
        x: 0, y: 20, fg: Indexed(8), bg: Reset, underline: Reset, modifier: NONE,
        x: 0, y: 21, fg: Reset, bg: Reset, underline: Reset, modifier: NONE,
        x: 17, y: 22, fg: Indexed(8), bg: Reset, underline: Reset, modifier: NONE,
        x: 18, y: 22, fg: Reset, bg: Reset, underline: Reset, modifier: NONE,
        x: 21, y: 22, fg: Indexed(8), bg: Reset, underline: Reset, modifier: NONE,
        x: 22, y: 22, fg: Reset, bg: Reset, underline: Reset, modifier: NONE,
        x: 30, y: 22, fg: Indexed(12), bg: Reset, underline: Reset, modifier: NONE,
        x: 134, y: 22, fg: Reset, bg: Reset, underline: Reset, modifier: NONE,
    ]
}
