---
source: crates/loxia-tui/src/views/now_playing.rs
assertion_line: 759
expression: "render_at(90, 24, &state).0"
---
Buffer {
    area: Rect { x: 0, y: 0, width: 90, height: 24 },
    content: [
        "┌PLAY QUEUE  [H] History─────────────────────────────────────────────────────────────────┐",
        "│  1. Track 1                                                          Boy Harsher  03:00│",
        "│  2. Track 2                                                          Boy Harsher  03:00│",
        "│  3. Track 3                                                          Boy Harsher  03:00│",
        "│▸ 4. Track 4                                                          Boy Harsher  03:00│",
        "│  5. Track 5                                                          Boy Harsher  03:00│",
        "│  6. Track 6                                                          Boy Harsher  03:00│",
        "│  7. Track 7                                                          Boy Harsher  03:00│",
        "│  8. Track 8                                                          Boy Harsher  03:00│",
        "│  9. Track 9                                                          Boy Harsher  03:00│",
        "│  10. Track 10                                                        Boy Harsher  03:00│",
        "│                                                                                        │",
        "│                                                                                        │",
        "│                                                                                        │",
        "│                                                                                        │",
        "│                                                                                        │",
        "│                                                                                        │",
        "│                                                                                        │",
        "│                                                                                        │",
        "│                                                                                        │",
        "│                                                                                        │",
        "│                                                                                        │",
        "│                                                                                        │",
        "└────────────────────────────────────────────────────────────────────────────────────────┘",
    ],
    styles: [
        x: 0, y: 0, fg: Indexed(12), bg: Reset, underline: Reset, modifier: NONE,
        x: 1, y: 1, fg: Indexed(15), bg: Indexed(4), underline: Reset, modifier: NONE,
        x: 89, y: 1, fg: Indexed(12), bg: Reset, underline: Reset, modifier: NONE,
        x: 1, y: 2, fg: Indexed(8), bg: Reset, underline: Reset, modifier: NONE,
        x: 89, y: 2, fg: Indexed(12), bg: Reset, underline: Reset, modifier: NONE,
        x: 1, y: 3, fg: Indexed(8), bg: Reset, underline: Reset, modifier: NONE,
        x: 89, y: 3, fg: Indexed(12), bg: Reset, underline: Reset, modifier: NONE,
        x: 1, y: 5, fg: Reset, bg: Reset, underline: Reset, modifier: NONE,
        x: 89, y: 5, fg: Indexed(12), bg: Reset, underline: Reset, modifier: NONE,
        x: 1, y: 6, fg: Reset, bg: Reset, underline: Reset, modifier: NONE,
        x: 89, y: 6, fg: Indexed(12), bg: Reset, underline: Reset, modifier: NONE,
        x: 1, y: 7, fg: Reset, bg: Reset, underline: Reset, modifier: NONE,
        x: 89, y: 7, fg: Indexed(12), bg: Reset, underline: Reset, modifier: NONE,
        x: 1, y: 8, fg: Reset, bg: Reset, underline: Reset, modifier: NONE,
        x: 89, y: 8, fg: Indexed(12), bg: Reset, underline: Reset, modifier: NONE,
        x: 1, y: 9, fg: Reset, bg: Reset, underline: Reset, modifier: NONE,
        x: 89, y: 9, fg: Indexed(12), bg: Reset, underline: Reset, modifier: NONE,
        x: 1, y: 10, fg: Reset, bg: Reset, underline: Reset, modifier: NONE,
        x: 89, y: 10, fg: Indexed(12), bg: Reset, underline: Reset, modifier: NONE,
        x: 1, y: 11, fg: Reset, bg: Reset, underline: Reset, modifier: NONE,
        x: 89, y: 11, fg: Indexed(12), bg: Reset, underline: Reset, modifier: NONE,
        x: 1, y: 12, fg: Reset, bg: Reset, underline: Reset, modifier: NONE,
        x: 89, y: 12, fg: Indexed(12), bg: Reset, underline: Reset, modifier: NONE,
        x: 1, y: 13, fg: Reset, bg: Reset, underline: Reset, modifier: NONE,
        x: 89, y: 13, fg: Indexed(12), bg: Reset, underline: Reset, modifier: NONE,
        x: 1, y: 14, fg: Reset, bg: Reset, underline: Reset, modifier: NONE,
        x: 89, y: 14, fg: Indexed(12), bg: Reset, underline: Reset, modifier: NONE,
        x: 1, y: 15, fg: Reset, bg: Reset, underline: Reset, modifier: NONE,
        x: 89, y: 15, fg: Indexed(12), bg: Reset, underline: Reset, modifier: NONE,
        x: 1, y: 16, fg: Reset, bg: Reset, underline: Reset, modifier: NONE,
        x: 89, y: 16, fg: Indexed(12), bg: Reset, underline: Reset, modifier: NONE,
        x: 1, y: 17, fg: Reset, bg: Reset, underline: Reset, modifier: NONE,
        x: 89, y: 17, fg: Indexed(12), bg: Reset, underline: Reset, modifier: NONE,
        x: 1, y: 18, fg: Reset, bg: Reset, underline: Reset, modifier: NONE,
        x: 89, y: 18, fg: Indexed(12), bg: Reset, underline: Reset, modifier: NONE,
        x: 1, y: 19, fg: Reset, bg: Reset, underline: Reset, modifier: NONE,
        x: 89, y: 19, fg: Indexed(12), bg: Reset, underline: Reset, modifier: NONE,
        x: 1, y: 20, fg: Reset, bg: Reset, underline: Reset, modifier: NONE,
        x: 89, y: 20, fg: Indexed(12), bg: Reset, underline: Reset, modifier: NONE,
        x: 1, y: 21, fg: Reset, bg: Reset, underline: Reset, modifier: NONE,
        x: 89, y: 21, fg: Indexed(12), bg: Reset, underline: Reset, modifier: NONE,
        x: 1, y: 22, fg: Reset, bg: Reset, underline: Reset, modifier: NONE,
        x: 89, y: 22, fg: Indexed(12), bg: Reset, underline: Reset, modifier: NONE,
    ]
}
