---
source: crates/loxia-tui/src/views/miller.rs
assertion_line: 288
expression: rendered
---
Buffer {
    area: Rect { x: 0, y: 0, width: 180, height: 20 },
    content: [
        "┌Genres/──────────────────────────────────────┐┌Boy Harsher — Albums────────────────────────┐┌Care — Tracks────────────────────────────────┐              ┌──────────┐              ",
        "│Boy Harsher                                  ││Care                                    2019││Motion                                   3:00│              │          │              ",
        "│                                             ││                                            ││                                             │              │          │              ",
        "│                                             ││                                            ││                                             │              │     ♪    │              ",
        "│                                             ││                                            ││                                             │              │          │              ",
        "│                                             ││                                            ││                                             │              └──────────┘              ",
        "│                                             ││                                            ││                                             │Motion                                  ",
        "│                                             ││                                            ││                                             │Boy Harsher                             ",
        "│                                             ││                                            ││                                             │Care                                    ",
        "│                                             ││                                            ││                                             │2019 · Disc 1, Track 1                  ",
        "│                                             ││                                            ││                                             │3:00                                    ",
        "│                                             ││                                            ││                                             │FLAC 16-bit / 44.1 kHz                  ",
        "│                                             ││                                            ││                                             │Actions:                                ",
        "│                                             ││                                            ││                                             │[unbound] Play (Replace Queue)          ",
        "│                                             ││                                            ││                                             │[unbound] Add to Queue                  ",
        "│                                             ││                                            ││                                             │[unbound] Insert Next                   ",
        "│                                             ││                                            ││                                             │[unbound] Instant Mix                   ",
        "│                                             ││                                            ││                                             │[unbound] Add to Playlist               ",
        "│                                             ││                                            ││                                             │[unbound] Download                      ",
        "└─────────────────────────────────────────────┘└────────────────────────────────────────────┘└─────────────────────────────────────────────┘[unbound] Favourite                     ",
    ],
    styles: [
        x: 0, y: 0, fg: Indexed(8), bg: Reset, underline: Reset, modifier: NONE,
        x: 93, y: 0, fg: Indexed(12), bg: Reset, underline: Reset, modifier: NONE,
        x: 140, y: 0, fg: Reset, bg: Reset, underline: Reset, modifier: NONE,
        x: 154, y: 0, fg: Indexed(8), bg: Reset, underline: Reset, modifier: NONE,
        x: 166, y: 0, fg: Reset, bg: Reset, underline: Reset, modifier: NONE,
        x: 0, y: 1, fg: Indexed(8), bg: Reset, underline: Reset, modifier: NONE,
        x: 1, y: 1, fg: Reset, bg: Indexed(8), underline: Reset, modifier: NONE,
        x: 46, y: 1, fg: Indexed(8), bg: Reset, underline: Reset, modifier: NONE,
        x: 48, y: 1, fg: Reset, bg: Indexed(8), underline: Reset, modifier: NONE,
        x: 92, y: 1, fg: Indexed(8), bg: Reset, underline: Reset, modifier: NONE,
        x: 93, y: 1, fg: Indexed(12), bg: Reset, underline: Reset, modifier: NONE,
        x: 94, y: 1, fg: Indexed(15), bg: Indexed(4), underline: Reset, modifier: NONE,
        x: 139, y: 1, fg: Indexed(12), bg: Reset, underline: Reset, modifier: NONE,
        x: 140, y: 1, fg: Reset, bg: Reset, underline: Reset, modifier: NONE,
        x: 154, y: 1, fg: Indexed(8), bg: Reset, underline: Reset, modifier: NONE,
        x: 155, y: 1, fg: Reset, bg: Reset, underline: Reset, modifier: NONE,
        x: 165, y: 1, fg: Indexed(8), bg: Reset, underline: Reset, modifier: NONE,
        x: 166, y: 1, fg: Reset, bg: Reset, underline: Reset, modifier: NONE,
        x: 0, y: 2, fg: Indexed(8), bg: Reset, underline: Reset, modifier: NONE,
        x: 1, y: 2, fg: Reset, bg: Reset, underline: Reset, modifier: NONE,
        x: 46, y: 2, fg: Indexed(8), bg: Reset, underline: Reset, modifier: NONE,
        x: 48, y: 2, fg: Reset, bg: Reset, underline: Reset, modifier: NONE,
        x: 92, y: 2, fg: Indexed(8), bg: Reset, underline: Reset, modifier: NONE,
        x: 93, y: 2, fg: Indexed(12), bg: Reset, underline: Reset, modifier: NONE,
        x: 94, y: 2, fg: Reset, bg: Reset, underline: Reset, modifier: NONE,
        x: 139, y: 2, fg: Indexed(12), bg: Reset, underline: Reset, modifier: NONE,
        x: 140, y: 2, fg: Reset, bg: Reset, underline: Reset, modifier: NONE,
        x: 154, y: 2, fg: Indexed(8), bg: Reset, underline: Reset, modifier: NONE,
        x: 155, y: 2, fg: Reset, bg: Reset, underline: Reset, modifier: NONE,
        x: 165, y: 2, fg: Indexed(8), bg: Reset, underline: Reset, modifier: NONE,
        x: 166, y: 2, fg: Reset, bg: Reset, underline: Reset, modifier: NONE,
        x: 0, y: 3, fg: Indexed(8), bg: Reset, underline: Reset, modifier: NONE,
        x: 1, y: 3, fg: Reset, bg: Reset, underline: Reset, modifier: NONE,
        x: 46, y: 3, fg: Indexed(8), bg: Reset, underline: Reset, modifier: NONE,
        x: 48, y: 3, fg: Reset, bg: Reset, underline: Reset, modifier: NONE,
        x: 92, y: 3, fg: Indexed(8), bg: Reset, underline: Reset, modifier: NONE,
        x: 93, y: 3, fg: Indexed(12), bg: Reset, underline: Reset, modifier: NONE,
        x: 94, y: 3, fg: Reset, bg: Reset, underline: Reset, modifier: NONE,
        x: 139, y: 3, fg: Indexed(12), bg: Reset, underline: Reset, modifier: NONE,
        x: 140, y: 3, fg: Reset, bg: Reset, underline: Reset, modifier: NONE,
        x: 154, y: 3, fg: Indexed(8), bg: Reset, underline: Reset, modifier: NONE,
        x: 155, y: 3, fg: Reset, bg: Reset, underline: Reset, modifier: NONE,
        x: 160, y: 3, fg: Indexed(8), bg: Reset, underline: Reset, modifier: NONE,
        x: 161, y: 3, fg: Reset, bg: Reset, underline: Reset, modifier: NONE,
        x: 165, y: 3, fg: Indexed(8), bg: Reset, underline: Reset, modifier: NONE,
        x: 166, y: 3, fg: Reset, bg: Reset, underline: Reset, modifier: NONE,
        x: 0, y: 4, fg: Indexed(8), bg: Reset, underline: Reset, modifier: NONE,
        x: 1, y: 4, fg: Reset, bg: Reset, underline: Reset, modifier: NONE,
        x: 46, y: 4, fg: Indexed(8), bg: Reset, underline: Reset, modifier: NONE,
        x: 48, y: 4, fg: Reset, bg: Reset, underline: Reset, modifier: NONE,
        x: 92, y: 4, fg: Indexed(8), bg: Reset, underline: Reset, modifier: NONE,
        x: 93, y: 4, fg: Indexed(12), bg: Reset, underline: Reset, modifier: NONE,
        x: 94, y: 4, fg: Reset, bg: Reset, underline: Reset, modifier: NONE,
        x: 139, y: 4, fg: Indexed(12), bg: Reset, underline: Reset, modifier: NONE,
        x: 140, y: 4, fg: Reset, bg: Reset, underline: Reset, modifier: NONE,
        x: 154, y: 4, fg: Indexed(8), bg: Reset, underline: Reset, modifier: NONE,
        x: 155, y: 4, fg: Reset, bg: Reset, underline: Reset, modifier: NONE,
        x: 165, y: 4, fg: Indexed(8), bg: Reset, underline: Reset, modifier: NONE,
        x: 166, y: 4, fg: Reset, bg: Reset, underline: Reset, modifier: NONE,
        x: 0, y: 5, fg: Indexed(8), bg: Reset, underline: Reset, modifier: NONE,
        x: 1, y: 5, fg: Reset, bg: Reset, underline: Reset, modifier: NONE,
        x: 46, y: 5, fg: Indexed(8), bg: Reset, underline: Reset, modifier: NONE,
        x: 48, y: 5, fg: Reset, bg: Reset, underline: Reset, modifier: NONE,
        x: 92, y: 5, fg: Indexed(8), bg: Reset, underline: Reset, modifier: NONE,
        x: 93, y: 5, fg: Indexed(12), bg: Reset, underline: Reset, modifier: NONE,
        x: 94, y: 5, fg: Reset, bg: Reset, underline: Reset, modifier: NONE,
        x: 139, y: 5, fg: Indexed(12), bg: Reset, underline: Reset, modifier: NONE,
        x: 140, y: 5, fg: Reset, bg: Reset, underline: Reset, modifier: NONE,
        x: 154, y: 5, fg: Indexed(8), bg: Reset, underline: Reset, modifier: NONE,
        x: 166, y: 5, fg: Reset, bg: Reset, underline: Reset, modifier: NONE,
        x: 0, y: 6, fg: Indexed(8), bg: Reset, underline: Reset, modifier: NONE,
        x: 1, y: 6, fg: Reset, bg: Reset, underline: Reset, modifier: NONE,
        x: 46, y: 6, fg: Indexed(8), bg: Reset, underline: Reset, modifier: NONE,
        x: 48, y: 6, fg: Reset, bg: Reset, underline: Reset, modifier: NONE,
        x: 92, y: 6, fg: Indexed(8), bg: Reset, underline: Reset, modifier: NONE,
        x: 93, y: 6, fg: Indexed(12), bg: Reset, underline: Reset, modifier: NONE,
        x: 94, y: 6, fg: Reset, bg: Reset, underline: Reset, modifier: NONE,
        x: 139, y: 6, fg: Indexed(12), bg: Reset, underline: Reset, modifier: NONE,
        x: 140, y: 6, fg: Reset, bg: Reset, underline: Reset, modifier: NONE,
        x: 0, y: 7, fg: Indexed(8), bg: Reset, underline: Reset, modifier: NONE,
        x: 1, y: 7, fg: Reset, bg: Reset, underline: Reset, modifier: NONE,
        x: 46, y: 7, fg: Indexed(8), bg: Reset, underline: Reset, modifier: NONE,
        x: 48, y: 7, fg: Reset, bg: Reset, underline: Reset, modifier: NONE,
        x: 92, y: 7, fg: Indexed(8), bg: Reset, underline: Reset, modifier: NONE,
        x: 93, y: 7, fg: Indexed(12), bg: Reset, underline: Reset, modifier: NONE,
        x: 94, y: 7, fg: Reset, bg: Reset, underline: Reset, modifier: NONE,
        x: 139, y: 7, fg: Indexed(12), bg: Reset, underline: Reset, modifier: NONE,
        x: 140, y: 7, fg: Reset, bg: Reset, underline: Reset, modifier: NONE,
        x: 0, y: 8, fg: Indexed(8), bg: Reset, underline: Reset, modifier: NONE,
        x: 1, y: 8, fg: Reset, bg: Reset, underline: Reset, modifier: NONE,
        x: 46, y: 8, fg: Indexed(8), bg: Reset, underline: Reset, modifier: NONE,
        x: 48, y: 8, fg: Reset, bg: Reset, underline: Reset, modifier: NONE,
        x: 92, y: 8, fg: Indexed(8), bg: Reset, underline: Reset, modifier: NONE,
        x: 93, y: 8, fg: Indexed(12), bg: Reset, underline: Reset, modifier: NONE,
        x: 94, y: 8, fg: Reset, bg: Reset, underline: Reset, modifier: NONE,
        x: 139, y: 8, fg: Indexed(12), bg: Reset, underline: Reset, modifier: NONE,
        x: 140, y: 8, fg: Reset, bg: Reset, underline: Reset, modifier: NONE,
        x: 0, y: 9, fg: Indexed(8), bg: Reset, underline: Reset, modifier: NONE,
        x: 1, y: 9, fg: Reset, bg: Reset, underline: Reset, modifier: NONE,
        x: 46, y: 9, fg: Indexed(8), bg: Reset, underline: Reset, modifier: NONE,
        x: 48, y: 9, fg: Reset, bg: Reset, underline: Reset, modifier: NONE,
        x: 92, y: 9, fg: Indexed(8), bg: Reset, underline: Reset, modifier: NONE,
        x: 93, y: 9, fg: Indexed(12), bg: Reset, underline: Reset, modifier: NONE,
        x: 94, y: 9, fg: Reset, bg: Reset, underline: Reset, modifier: NONE,
        x: 139, y: 9, fg: Indexed(12), bg: Reset, underline: Reset, modifier: NONE,
        x: 140, y: 9, fg: Reset, bg: Reset, underline: Reset, modifier: NONE,
        x: 0, y: 10, fg: Indexed(8), bg: Reset, underline: Reset, modifier: NONE,
        x: 1, y: 10, fg: Reset, bg: Reset, underline: Reset, modifier: NONE,
        x: 46, y: 10, fg: Indexed(8), bg: Reset, underline: Reset, modifier: NONE,
        x: 48, y: 10, fg: Reset, bg: Reset, underline: Reset, modifier: NONE,
        x: 92, y: 10, fg: Indexed(8), bg: Reset, underline: Reset, modifier: NONE,
        x: 93, y: 10, fg: Indexed(12), bg: Reset, underline: Reset, modifier: NONE,
        x: 94, y: 10, fg: Reset, bg: Reset, underline: Reset, modifier: NONE,
        x: 139, y: 10, fg: Indexed(12), bg: Reset, underline: Reset, modifier: NONE,
        x: 140, y: 10, fg: Reset, bg: Reset, underline: Reset, modifier: NONE,
        x: 0, y: 11, fg: Indexed(8), bg: Reset, underline: Reset, modifier: NONE,
        x: 1, y: 11, fg: Reset, bg: Reset, underline: Reset, modifier: NONE,
        x: 46, y: 11, fg: Indexed(8), bg: Reset, underline: Reset, modifier: NONE,
        x: 48, y: 11, fg: Reset, bg: Reset, underline: Reset, modifier: NONE,
        x: 92, y: 11, fg: Indexed(8), bg: Reset, underline: Reset, modifier: NONE,
        x: 93, y: 11, fg: Indexed(12), bg: Reset, underline: Reset, modifier: NONE,
        x: 94, y: 11, fg: Reset, bg: Reset, underline: Reset, modifier: NONE,
        x: 139, y: 11, fg: Indexed(12), bg: Reset, underline: Reset, modifier: NONE,
        x: 140, y: 11, fg: Reset, bg: Reset, underline: Reset, modifier: NONE,
        x: 0, y: 12, fg: Indexed(8), bg: Reset, underline: Reset, modifier: NONE,
        x: 1, y: 12, fg: Reset, bg: Reset, underline: Reset, modifier: NONE,
        x: 46, y: 12, fg: Indexed(8), bg: Reset, underline: Reset, modifier: NONE,
        x: 48, y: 12, fg: Reset, bg: Reset, underline: Reset, modifier: NONE,
        x: 92, y: 12, fg: Indexed(8), bg: Reset, underline: Reset, modifier: NONE,
        x: 93, y: 12, fg: Indexed(12), bg: Reset, underline: Reset, modifier: NONE,
        x: 94, y: 12, fg: Reset, bg: Reset, underline: Reset, modifier: NONE,
        x: 139, y: 12, fg: Indexed(12), bg: Reset, underline: Reset, modifier: NONE,
        x: 140, y: 12, fg: Indexed(8), bg: Reset, underline: Reset, modifier: NONE,
        x: 148, y: 12, fg: Reset, bg: Reset, underline: Reset, modifier: NONE,
        x: 0, y: 13, fg: Indexed(8), bg: Reset, underline: Reset, modifier: NONE,
        x: 1, y: 13, fg: Reset, bg: Reset, underline: Reset, modifier: NONE,
        x: 46, y: 13, fg: Indexed(8), bg: Reset, underline: Reset, modifier: NONE,
        x: 48, y: 13, fg: Reset, bg: Reset, underline: Reset, modifier: NONE,
        x: 92, y: 13, fg: Indexed(8), bg: Reset, underline: Reset, modifier: NONE,
        x: 93, y: 13, fg: Indexed(12), bg: Reset, underline: Reset, modifier: NONE,
        x: 94, y: 13, fg: Reset, bg: Reset, underline: Reset, modifier: NONE,
        x: 139, y: 13, fg: Indexed(12), bg: Reset, underline: Reset, modifier: NONE,
        x: 140, y: 13, fg: Reset, bg: Reset, underline: Reset, modifier: NONE,
        x: 0, y: 14, fg: Indexed(8), bg: Reset, underline: Reset, modifier: NONE,
        x: 1, y: 14, fg: Reset, bg: Reset, underline: Reset, modifier: NONE,
        x: 46, y: 14, fg: Indexed(8), bg: Reset, underline: Reset, modifier: NONE,
        x: 48, y: 14, fg: Reset, bg: Reset, underline: Reset, modifier: NONE,
        x: 92, y: 14, fg: Indexed(8), bg: Reset, underline: Reset, modifier: NONE,
        x: 93, y: 14, fg: Indexed(12), bg: Reset, underline: Reset, modifier: NONE,
        x: 94, y: 14, fg: Reset, bg: Reset, underline: Reset, modifier: NONE,
        x: 139, y: 14, fg: Indexed(12), bg: Reset, underline: Reset, modifier: NONE,
        x: 140, y: 14, fg: Reset, bg: Reset, underline: Reset, modifier: NONE,
        x: 0, y: 15, fg: Indexed(8), bg: Reset, underline: Reset, modifier: NONE,
        x: 1, y: 15, fg: Reset, bg: Reset, underline: Reset, modifier: NONE,
        x: 46, y: 15, fg: Indexed(8), bg: Reset, underline: Reset, modifier: NONE,
        x: 48, y: 15, fg: Reset, bg: Reset, underline: Reset, modifier: NONE,
        x: 92, y: 15, fg: Indexed(8), bg: Reset, underline: Reset, modifier: NONE,
        x: 93, y: 15, fg: Indexed(12), bg: Reset, underline: Reset, modifier: NONE,
        x: 94, y: 15, fg: Reset, bg: Reset, underline: Reset, modifier: NONE,
        x: 139, y: 15, fg: Indexed(12), bg: Reset, underline: Reset, modifier: NONE,
        x: 140, y: 15, fg: Reset, bg: Reset, underline: Reset, modifier: NONE,
        x: 0, y: 16, fg: Indexed(8), bg: Reset, underline: Reset, modifier: NONE,
        x: 1, y: 16, fg: Reset, bg: Reset, underline: Reset, modifier: NONE,
        x: 46, y: 16, fg: Indexed(8), bg: Reset, underline: Reset, modifier: NONE,
        x: 48, y: 16, fg: Reset, bg: Reset, underline: Reset, modifier: NONE,
        x: 92, y: 16, fg: Indexed(8), bg: Reset, underline: Reset, modifier: NONE,
        x: 93, y: 16, fg: Indexed(12), bg: Reset, underline: Reset, modifier: NONE,
        x: 94, y: 16, fg: Reset, bg: Reset, underline: Reset, modifier: NONE,
        x: 139, y: 16, fg: Indexed(12), bg: Reset, underline: Reset, modifier: NONE,
        x: 140, y: 16, fg: Reset, bg: Reset, underline: Reset, modifier: NONE,
        x: 0, y: 17, fg: Indexed(8), bg: Reset, underline: Reset, modifier: NONE,
        x: 1, y: 17, fg: Reset, bg: Reset, underline: Reset, modifier: NONE,
        x: 46, y: 17, fg: Indexed(8), bg: Reset, underline: Reset, modifier: NONE,
        x: 48, y: 17, fg: Reset, bg: Reset, underline: Reset, modifier: NONE,
        x: 92, y: 17, fg: Indexed(8), bg: Reset, underline: Reset, modifier: NONE,
        x: 93, y: 17, fg: Indexed(12), bg: Reset, underline: Reset, modifier: NONE,
        x: 94, y: 17, fg: Reset, bg: Reset, underline: Reset, modifier: NONE,
        x: 139, y: 17, fg: Indexed(12), bg: Reset, underline: Reset, modifier: NONE,
        x: 140, y: 17, fg: Reset, bg: Reset, underline: Reset, modifier: NONE,
        x: 0, y: 18, fg: Indexed(8), bg: Reset, underline: Reset, modifier: NONE,
        x: 1, y: 18, fg: Reset, bg: Reset, underline: Reset, modifier: NONE,
        x: 46, y: 18, fg: Indexed(8), bg: Reset, underline: Reset, modifier: NONE,
        x: 48, y: 18, fg: Reset, bg: Reset, underline: Reset, modifier: NONE,
        x: 92, y: 18, fg: Indexed(8), bg: Reset, underline: Reset, modifier: NONE,
        x: 93, y: 18, fg: Indexed(12), bg: Reset, underline: Reset, modifier: NONE,
        x: 94, y: 18, fg: Reset, bg: Reset, underline: Reset, modifier: NONE,
        x: 139, y: 18, fg: Indexed(12), bg: Reset, underline: Reset, modifier: NONE,
        x: 140, y: 18, fg: Reset, bg: Reset, underline: Reset, modifier: NONE,
        x: 0, y: 19, fg: Indexed(8), bg: Reset, underline: Reset, modifier: NONE,
        x: 93, y: 19, fg: Indexed(12), bg: Reset, underline: Reset, modifier: NONE,
        x: 140, y: 19, fg: Reset, bg: Reset, underline: Reset, modifier: NONE,
    ]
}
