---
source: crates/loxia-tui/src/views/favourites.rs
expression: rendered
---
Buffer {
    area: Rect { x: 0, y: 0, width: 100, height: 24 },
    content: [
        "                                                                                                    ",
        "                                                                                                    ",
        "                                                                                                    ",
        "                                                                                                    ",
        "                                                                                                    ",
        "                                                                                                    ",
        "                                                                                                    ",
        "                                                                                                    ",
        "                                                                                                    ",
        "                                                                                                    ",
        "                                                                                                    ",
        "                                                                                                    ",
        "                          no favourites yet — press f on anything to add it                         ",
        "                                                                                                    ",
        "                                                                                                    ",
        "                                                                                                    ",
        "                                                                                                    ",
        "                                                                                                    ",
        "                                                                                                    ",
        "                                                                                                    ",
        "                                                                                                    ",
        "                                                                                                    ",
        "                                                                                                    ",
        "                                                                                                    ",
    ],
    styles: [
        x: 0, y: 0, fg: Reset, bg: Reset, underline: Reset, modifier: NONE,
        x: 0, y: 12, fg: Indexed(8), bg: Reset, underline: Reset, modifier: NONE,
        x: 0, y: 13, fg: Reset, bg: Reset, underline: Reset, modifier: NONE,
    ]
}
