---
source: crates/loxia-tui/src/render.rs
assertion_line: 424
expression: "draw_at(120, 30, &AppState::default())"
---
Buffer {
    area: Rect { x: 0, y: 0, width: 120, height: 30 },
    content: [
        "loxia │ no server │ Now Playing │                                                                            [?] │ 01:00",
        "▸ ♪ Now Playing ┌PLAY QUEUE  [unbound] History───────────────┐┌────────────────────────────────────────────────────────┐",
        "  ♡ Favourites  │                                            ││                                                        │",
        "  ⚲ Search      │                                            ││                                                        │",
        "  ≡ Playlists   │                                            ││                                                        │",
        "  ☻ Artists     │                                            ││                                                        │",
        "  ◉ Album Arti… │                                            ││                                                        │",
        "  ◫ Albums      │                                            ││                                                        │",
        "  # Genres      │                                            ││                                                        │",
        "  ⌂ Folders     │                                            ││                                                        │",
        "  ⛭ Settings    │                                            ││                                                        │",
        "  ⏻ Quit        │                                            ││                                                        │",
        "                │ queue is empty — press unbound on an album ││                                                        │",
        "                │                  to start                  ││                     nothing playing                    │",
        "                │                                            ││                                                        │",
        "                │                                            ││                                                        │",
        "                │                                            ││                                                        │",
        "                │                                            ││                                                        │",
        "                │                                            ││                                                        │",
        "                │                                            ││                                                        │",
        "                │                                            ││                                                        │",
        "                │                                            ││                                                        │",
        "                │                                            ││                                                        │",
        "                │                                            ││                                                        │",
        "                │                                            ││                                                        │",
        "                └────────────────────────────────────────────┘└────────────────────────────────────────────────────────┘",
        "────────────────────────────────────────────────────────────────────────────────────────────────────────────────────────",
        " nothing playing                                                                                                        ",
        "                                                                                                                        ",
        "                                                                                                                        ",
    ],
    styles: [
        x: 0, y: 0, fg: Reset, bg: Reset, underline: Reset, modifier: NONE,
        x: 31, y: 0, fg: Indexed(8), bg: Reset, underline: Reset, modifier: NONE,
        x: 34, y: 0, fg: Reset, bg: Reset, underline: Reset, modifier: NONE,
        x: 109, y: 0, fg: Indexed(12), bg: Reset, underline: Reset, modifier: NONE,
        x: 112, y: 0, fg: Indexed(8), bg: Reset, underline: Reset, modifier: NONE,
        x: 115, y: 0, fg: Reset, bg: Reset, underline: Reset, modifier: NONE,
        x: 0, y: 1, fg: Indexed(15), bg: Indexed(4), underline: Reset, modifier: NONE,
        x: 16, y: 1, fg: Indexed(12), bg: Reset, underline: Reset, modifier: NONE,
        x: 0, y: 2, fg: Reset, bg: Reset, underline: Reset, modifier: NONE,
        x: 16, y: 2, fg: Indexed(12), bg: Reset, underline: Reset, modifier: NONE,
        x: 17, y: 2, fg: Reset, bg: Reset, underline: Reset, modifier: NONE,
        x: 63, y: 2, fg: Indexed(12), bg: Reset, underline: Reset, modifier: NONE,
        x: 64, y: 2, fg: Reset, bg: Reset, underline: Reset, modifier: NONE,
        x: 119, y: 2, fg: Indexed(12), bg: Reset, underline: Reset, modifier: NONE,
        x: 0, y: 3, fg: Reset, bg: Reset, underline: Reset, modifier: NONE,
        x: 16, y: 3, fg: Indexed(12), bg: Reset, underline: Reset, modifier: NONE,
        x: 17, y: 3, fg: Reset, bg: Reset, underline: Reset, modifier: NONE,
        x: 63, y: 3, fg: Indexed(12), bg: Reset, underline: Reset, modifier: NONE,
        x: 64, y: 3, fg: Reset, bg: Reset, underline: Reset, modifier: NONE,
        x: 119, y: 3, fg: Indexed(12), bg: Reset, underline: Reset, modifier: NONE,
        x: 0, y: 4, fg: Reset, bg: Reset, underline: Reset, modifier: NONE,
        x: 16, y: 4, fg: Indexed(12), bg: Reset, underline: Reset, modifier: NONE,
        x: 17, y: 4, fg: Reset, bg: Reset, underline: Reset, modifier: NONE,
        x: 63, y: 4, fg: Indexed(12), bg: Reset, underline: Reset, modifier: NONE,
        x: 64, y: 4, fg: Reset, bg: Reset, underline: Reset, modifier: NONE,
        x: 119, y: 4, fg: Indexed(12), bg: Reset, underline: Reset, modifier: NONE,
    ]
}
