---
source: crates/loxia-tui/src/widgets/toast.rs
assertion_line: 235
expression: rendered
---
Buffer {
    area: Rect { x: 0, y: 0, width: 80, height: 24 },
    content: [
        "                                                                                ",
        "                                                                                ",
        "                                                                                ",
        "                                                                                ",
        "                                                                                ",
        "                                                                                ",
        "                                                                                ",
        "                                                                                ",
        "                                                                                ",
        "                                                                                ",
        "                                                                                ",
        "                                                                                ",
        "                                                                                ",
        "                                                                                ",
        "                                                                                ",
        "                                        ┌──────────────────────────────────────┐",
        "                                        │working offline                       │",
        "                                        └──────────────────────────────────────┘",
        "                                        ┌──────────────────────────────────────┐",
        "                                        │saved to Late Night Drives            │",
        "                                        └──────────────────────────────────────┘",
        "                                        ┌──────────────────────────────────────┐",
        "                                        │could not save: server returned 500   │",
        "                                        └──────────────────────────────────────┘",
    ],
    styles: [
        x: 0, y: 0, fg: Reset, bg: Reset, underline: Reset, modifier: NONE,
        x: 40, y: 15, fg: Indexed(11), bg: Reset, underline: Reset, modifier: NONE,
        x: 0, y: 16, fg: Reset, bg: Reset, underline: Reset, modifier: NONE,
        x: 40, y: 16, fg: Indexed(11), bg: Reset, underline: Reset, modifier: NONE,
        x: 56, y: 16, fg: Reset, bg: Reset, underline: Reset, modifier: NONE,
        x: 79, y: 16, fg: Indexed(11), bg: Reset, underline: Reset, modifier: NONE,
        x: 0, y: 17, fg: Reset, bg: Reset, underline: Reset, modifier: NONE,
        x: 40, y: 17, fg: Indexed(11), bg: Reset, underline: Reset, modifier: NONE,
        x: 0, y: 18, fg: Reset, bg: Reset, underline: Reset, modifier: NONE,
        x: 40, y: 18, fg: Indexed(10), bg: Reset, underline: Reset, modifier: NONE,
        x: 0, y: 19, fg: Reset, bg: Reset, underline: Reset, modifier: NONE,
        x: 40, y: 19, fg: Indexed(10), bg: Reset, underline: Reset, modifier: NONE,
        x: 67, y: 19, fg: Reset, bg: Reset, underline: Reset, modifier: NONE,
        x: 79, y: 19, fg: Indexed(10), bg: Reset, underline: Reset, modifier: NONE,
        x: 0, y: 20, fg: Reset, bg: Reset, underline: Reset, modifier: NONE,
        x: 40, y: 20, fg: Indexed(10), bg: Reset, underline: Reset, modifier: NONE,
        x: 0, y: 21, fg: Reset, bg: Reset, underline: Reset, modifier: NONE,
        x: 40, y: 21, fg: Indexed(9), bg: Reset, underline: Reset, modifier: NONE,
        x: 0, y: 22, fg: Reset, bg: Reset, underline: Reset, modifier: NONE,
        x: 40, y: 22, fg: Indexed(9), bg: Reset, underline: Reset, modifier: NONE,
        x: 76, y: 22, fg: Reset, bg: Reset, underline: Reset, modifier: NONE,
        x: 79, y: 22, fg: Indexed(9), bg: Reset, underline: Reset, modifier: NONE,
        x: 0, y: 23, fg: Reset, bg: Reset, underline: Reset, modifier: NONE,
        x: 40, y: 23, fg: Indexed(9), bg: Reset, underline: Reset, modifier: NONE,
    ]
}
