---
source: crates/loxia-tui/src/widgets/column.rs
expression: rendered
---
Buffer {
    area: Rect { x: 0, y: 0, width: 30, height: 10 },
    content: [
        "┌Tracks──────────────────────┐",
        "│[X] Track 1             3:00│",
        "│[X] Track 2             3:00│",
        "│[X] Track 3             3:00│",
        "│[ ] Track 4             3:00│",
        "│[ ] Track 5             3:00│",
        "│                            │",
        "│                            │",
        "│                            │",
        "└────────────────────────────┘",
    ],
    styles: [
        x: 0, y: 0, fg: Indexed(12), bg: Reset, underline: Reset, modifier: NONE,
        x: 1, y: 1, fg: Indexed(15), bg: Indexed(4), underline: Reset, modifier: NONE,
        x: 29, y: 1, fg: Indexed(12), bg: Reset, underline: Reset, modifier: NONE,
        x: 1, y: 2, fg: Reset, bg: Reset, underline: Reset, modifier: NONE,
        x: 29, y: 2, fg: Indexed(12), bg: Reset, underline: Reset, modifier: NONE,
        x: 1, y: 3, fg: Reset, bg: Reset, underline: Reset, modifier: NONE,
        x: 29, y: 3, fg: Indexed(12), bg: Reset, underline: Reset, modifier: NONE,
        x: 1, y: 4, fg: Reset, bg: Reset, underline: Reset, modifier: NONE,
        x: 29, y: 4, fg: Indexed(12), bg: Reset, underline: Reset, modifier: NONE,
        x: 1, y: 5, fg: Reset, bg: Reset, underline: Reset, modifier: NONE,
        x: 29, y: 5, fg: Indexed(12), bg: Reset, underline: Reset, modifier: NONE,
        x: 1, y: 6, fg: Reset, bg: Reset, underline: Reset, modifier: NONE,
        x: 29, y: 6, fg: Indexed(12), bg: Reset, underline: Reset, modifier: NONE,
        x: 1, y: 7, fg: Reset, bg: Reset, underline: Reset, modifier: NONE,
        x: 29, y: 7, fg: Indexed(12), bg: Reset, underline: Reset, modifier: NONE,
        x: 1, y: 8, fg: Reset, bg: Reset, underline: Reset, modifier: NONE,
        x: 29, y: 8, fg: Indexed(12), bg: Reset, underline: Reset, modifier: NONE,
    ]
}
